###############################################################################
#
# IAR ELF Linker V8.22.1.15669/W32 for ARM                04/Nov/2020  13:17:14
# Copyright 2007-2018 IAR Systems AB.
#
#    Output file  =  
#        C:\Texas Instruments\Z-Stack
#        3.0.2\Projects\zstack\ZNP\CC2538-dev\CC2538ZNP-with-SBL\Exe\ZNP.out.tmp
#    Map file     =  
#        C:\Texas Instruments\Z-Stack
#        3.0.2\Projects\zstack\ZNP\CC2538-dev\CC2538ZNP-with-SBL\List\ZNP.map
#    Command line =  
#        -f C:\Users\HOANG~1.PHA\AppData\Local\Temp\EW4B05.tmp ("C:\Texas
#        Instruments\Z-Stack
#        3.0.2\Projects\zstack\ZNP\CC2538-dev\CC2538ZNP-with-SBL\Obj\AF.o"
#        "C:\Texas Instruments\Z-Stack
#        3.0.2\Projects\zstack\ZNP\CC2538-dev\CC2538ZNP-with-SBL\Obj\armcm3flashutil.o"
#        "C:\Texas Instruments\Z-Stack
#        3.0.2\Projects\zstack\ZNP\CC2538-dev\CC2538ZNP-with-SBL\Obj\bdb.o"
#        "C:\Texas Instruments\Z-Stack
#        3.0.2\Projects\zstack\ZNP\CC2538-dev\CC2538ZNP-with-SBL\Obj\bdb_FindingAndBinding.o"
#        "C:\Texas Instruments\Z-Stack
#        3.0.2\Projects\zstack\ZNP\CC2538-dev\CC2538ZNP-with-SBL\Obj\bdb_Reporting.o"
#        "C:\Texas Instruments\Z-Stack
#        3.0.2\Projects\zstack\ZNP\CC2538-dev\CC2538ZNP-with-SBL\Obj\bdb_tlCommissioning.o"
#        "C:\Texas Instruments\Z-Stack
#        3.0.2\Projects\zstack\ZNP\CC2538-dev\CC2538ZNP-with-SBL\Obj\bdb_touchlink.o"
#        "C:\Texas Instruments\Z-Stack
#        3.0.2\Projects\zstack\ZNP\CC2538-dev\CC2538ZNP-with-SBL\Obj\bdb_touchlink_initiator.o"
#        "C:\Texas Instruments\Z-Stack
#        3.0.2\Projects\zstack\ZNP\CC2538-dev\CC2538ZNP-with-SBL\Obj\bdb_touchlink_target.o"
#        "C:\Texas Instruments\Z-Stack
#        3.0.2\Projects\zstack\ZNP\CC2538-dev\CC2538ZNP-with-SBL\Obj\BindingTable.o"
#        "C:\Texas Instruments\Z-Stack
#        3.0.2\Projects\zstack\ZNP\CC2538-dev\CC2538ZNP-with-SBL\Obj\DebugTrace.o"
#        "C:\Texas Instruments\Z-Stack
#        3.0.2\Projects\zstack\ZNP\CC2538-dev\CC2538ZNP-with-SBL\Obj\gp_common.o"
#        "C:\Texas Instruments\Z-Stack
#        3.0.2\Projects\zstack\ZNP\CC2538-dev\CC2538ZNP-with-SBL\Obj\gp_proxyTbl.o"
#        "C:\Texas Instruments\Z-Stack
#        3.0.2\Projects\zstack\ZNP\CC2538-dev\CC2538ZNP-with-SBL\Obj\hal_adc.o"
#        "C:\Texas Instruments\Z-Stack
#        3.0.2\Projects\zstack\ZNP\CC2538-dev\CC2538ZNP-with-SBL\Obj\hal_aes.o"
#        "C:\Texas Instruments\Z-Stack
#        3.0.2\Projects\zstack\ZNP\CC2538-dev\CC2538ZNP-with-SBL\Obj\hal_assert.o"
#        "C:\Texas Instruments\Z-Stack
#        3.0.2\Projects\zstack\ZNP\CC2538-dev\CC2538ZNP-with-SBL\Obj\hal_ccm.o"
#        "C:\Texas Instruments\Z-Stack
#        3.0.2\Projects\zstack\ZNP\CC2538-dev\CC2538ZNP-with-SBL\Obj\hal_drivers.o"
#        "C:\Texas Instruments\Z-Stack
#        3.0.2\Projects\zstack\ZNP\CC2538-dev\CC2538ZNP-with-SBL\Obj\hal_key.o"
#        "C:\Texas Instruments\Z-Stack
#        3.0.2\Projects\zstack\ZNP\CC2538-dev\CC2538ZNP-with-SBL\Obj\hal_lcd.o"
#        "C:\Texas Instruments\Z-Stack
#        3.0.2\Projects\zstack\ZNP\CC2538-dev\CC2538ZNP-with-SBL\Obj\hal_led.o"
#        "C:\Texas Instruments\Z-Stack
#        3.0.2\Projects\zstack\ZNP\CC2538-dev\CC2538ZNP-with-SBL\Obj\hal_sleep.o"
#        "C:\Texas Instruments\Z-Stack
#        3.0.2\Projects\zstack\ZNP\CC2538-dev\CC2538ZNP-with-SBL\Obj\hal_spi.o"
#        "C:\Texas Instruments\Z-Stack
#        3.0.2\Projects\zstack\ZNP\CC2538-dev\CC2538ZNP-with-SBL\Obj\hal_sys_ctrl.o"
#        "C:\Texas Instruments\Z-Stack
#        3.0.2\Projects\zstack\ZNP\CC2538-dev\CC2538ZNP-with-SBL\Obj\hal_systick.o"
#        "C:\Texas Instruments\Z-Stack
#        3.0.2\Projects\zstack\ZNP\CC2538-dev\CC2538ZNP-with-SBL\Obj\hal_uart.o"
#        "C:\Texas Instruments\Z-Stack
#        3.0.2\Projects\zstack\ZNP\CC2538-dev\CC2538ZNP-with-SBL\Obj\mac_autopend.o"
#        "C:\Texas Instruments\Z-Stack
#        3.0.2\Projects\zstack\ZNP\CC2538-dev\CC2538ZNP-with-SBL\Obj\mac_backoff_timer.o"
#        "C:\Texas Instruments\Z-Stack
#        3.0.2\Projects\zstack\ZNP\CC2538-dev\CC2538ZNP-with-SBL\Obj\mac_cfg.o"
#        "C:\Texas Instruments\Z-Stack
#        3.0.2\Projects\zstack\ZNP\CC2538-dev\CC2538ZNP-with-SBL\Obj\mac_csp_tx.o"
#        "C:\Texas Instruments\Z-Stack
#        3.0.2\Projects\zstack\ZNP\CC2538-dev\CC2538ZNP-with-SBL\Obj\mac_low_level.o"
#        "C:\Texas Instruments\Z-Stack
#        3.0.2\Projects\zstack\ZNP\CC2538-dev\CC2538ZNP-with-SBL\Obj\mac_mcu.o"
#        "C:\Texas Instruments\Z-Stack
#        3.0.2\Projects\zstack\ZNP\CC2538-dev\CC2538ZNP-with-SBL\Obj\mac_mem.o"
#        "C:\Texas Instruments\Z-Stack
#        3.0.2\Projects\zstack\ZNP\CC2538-dev\CC2538ZNP-with-SBL\Obj\mac_pib.o"
#        "C:\Texas Instruments\Z-Stack
#        3.0.2\Projects\zstack\ZNP\CC2538-dev\CC2538ZNP-with-SBL\Obj\mac_radio.o"
#        "C:\Texas Instruments\Z-Stack
#        3.0.2\Projects\zstack\ZNP\CC2538-dev\CC2538ZNP-with-SBL\Obj\mac_radio_defs.o"
#        "C:\Texas Instruments\Z-Stack
#        3.0.2\Projects\zstack\ZNP\CC2538-dev\CC2538ZNP-with-SBL\Obj\mac_rffrontend.o"
#        "C:\Texas Instruments\Z-Stack
#        3.0.2\Projects\zstack\ZNP\CC2538-dev\CC2538ZNP-with-SBL\Obj\mac_rx.o"
#        "C:\Texas Instruments\Z-Stack
#        3.0.2\Projects\zstack\ZNP\CC2538-dev\CC2538ZNP-with-SBL\Obj\mac_rx_onoff.o"
#        "C:\Texas Instruments\Z-Stack
#        3.0.2\Projects\zstack\ZNP\CC2538-dev\CC2538ZNP-with-SBL\Obj\mac_sleep.o"
#        "C:\Texas Instruments\Z-Stack
#        3.0.2\Projects\zstack\ZNP\CC2538-dev\CC2538ZNP-with-SBL\Obj\mac_tx.o"
#        "C:\Texas Instruments\Z-Stack
#        3.0.2\Projects\zstack\ZNP\CC2538-dev\CC2538ZNP-with-SBL\Obj\MT.o"
#        "C:\Texas Instruments\Z-Stack
#        3.0.2\Projects\zstack\ZNP\CC2538-dev\CC2538ZNP-with-SBL\Obj\MT_AF.o"
#        "C:\Texas Instruments\Z-Stack
#        3.0.2\Projects\zstack\ZNP\CC2538-dev\CC2538ZNP-with-SBL\Obj\MT_APP.o"
#        "C:\Texas Instruments\Z-Stack
#        3.0.2\Projects\zstack\ZNP\CC2538-dev\CC2538ZNP-with-SBL\Obj\MT_APP_CONFIG.o"
#        "C:\Texas Instruments\Z-Stack
#        3.0.2\Projects\zstack\ZNP\CC2538-dev\CC2538ZNP-with-SBL\Obj\MT_DEBUG.o"
#        "C:\Texas Instruments\Z-Stack
#        3.0.2\Projects\zstack\ZNP\CC2538-dev\CC2538ZNP-with-SBL\Obj\MT_GP.o"
#        "C:\Texas Instruments\Z-Stack
#        3.0.2\Projects\zstack\ZNP\CC2538-dev\CC2538ZNP-with-SBL\Obj\MT_NWK.o"
#        "C:\Texas Instruments\Z-Stack
#        3.0.2\Projects\zstack\ZNP\CC2538-dev\CC2538ZNP-with-SBL\Obj\MT_SAPI.o"
#        "C:\Texas Instruments\Z-Stack
#        3.0.2\Projects\zstack\ZNP\CC2538-dev\CC2538ZNP-with-SBL\Obj\MT_SYS.o"
#        "C:\Texas Instruments\Z-Stack
#        3.0.2\Projects\zstack\ZNP\CC2538-dev\CC2538ZNP-with-SBL\Obj\MT_TASK.o"
#        "C:\Texas Instruments\Z-Stack
#        3.0.2\Projects\zstack\ZNP\CC2538-dev\CC2538ZNP-with-SBL\Obj\MT_UART.o"
#        "C:\Texas Instruments\Z-Stack
#        3.0.2\Projects\zstack\ZNP\CC2538-dev\CC2538ZNP-with-SBL\Obj\MT_UTIL.o"
#        "C:\Texas Instruments\Z-Stack
#        3.0.2\Projects\zstack\ZNP\CC2538-dev\CC2538ZNP-with-SBL\Obj\MT_VERSION.o"
#        "C:\Texas Instruments\Z-Stack
#        3.0.2\Projects\zstack\ZNP\CC2538-dev\CC2538ZNP-with-SBL\Obj\MT_ZDO.o"
#        "C:\Texas Instruments\Z-Stack
#        3.0.2\Projects\zstack\ZNP\CC2538-dev\CC2538ZNP-with-SBL\Obj\MT_ZNP.o"
#        "C:\Texas Instruments\Z-Stack
#        3.0.2\Projects\zstack\ZNP\CC2538-dev\CC2538ZNP-with-SBL\Obj\nwk_globals.o"
#        "C:\Texas Instruments\Z-Stack
#        3.0.2\Projects\zstack\ZNP\CC2538-dev\CC2538ZNP-with-SBL\Obj\OnBoard.o"
#        "C:\Texas Instruments\Z-Stack
#        3.0.2\Projects\zstack\ZNP\CC2538-dev\CC2538ZNP-with-SBL\Obj\OSAL.o"
#        "C:\Texas Instruments\Z-Stack
#        3.0.2\Projects\zstack\ZNP\CC2538-dev\CC2538ZNP-with-SBL\Obj\OSAL_Clock.o"
#        "C:\Texas Instruments\Z-Stack
#        3.0.2\Projects\zstack\ZNP\CC2538-dev\CC2538ZNP-with-SBL\Obj\OSAL_Memory.o"
#        "C:\Texas Instruments\Z-Stack
#        3.0.2\Projects\zstack\ZNP\CC2538-dev\CC2538ZNP-with-SBL\Obj\osal_nv.o"
#        "C:\Texas Instruments\Z-Stack
#        3.0.2\Projects\zstack\ZNP\CC2538-dev\CC2538ZNP-with-SBL\Obj\OSAL_PwrMgr.o"
#        "C:\Texas Instruments\Z-Stack
#        3.0.2\Projects\zstack\ZNP\CC2538-dev\CC2538ZNP-with-SBL\Obj\OSAL_Timers.o"
#        "C:\Texas Instruments\Z-Stack
#        3.0.2\Projects\zstack\ZNP\CC2538-dev\CC2538ZNP-with-SBL\Obj\OSAL_ZNP.o"
#        "C:\Texas Instruments\Z-Stack
#        3.0.2\Projects\zstack\ZNP\CC2538-dev\CC2538ZNP-with-SBL\Obj\saddr.o"
#        "C:\Texas Instruments\Z-Stack
#        3.0.2\Projects\zstack\ZNP\CC2538-dev\CC2538ZNP-with-SBL\Obj\sapi.o"
#        "C:\Texas Instruments\Z-Stack
#        3.0.2\Projects\zstack\ZNP\CC2538-dev\CC2538ZNP-with-SBL\Obj\startup_ewarm.o"
#        "C:\Texas Instruments\Z-Stack
#        3.0.2\Projects\zstack\ZNP\CC2538-dev\CC2538ZNP-with-SBL\Obj\stub_aps.o"
#        "C:\Texas Instruments\Z-Stack
#        3.0.2\Projects\zstack\ZNP\CC2538-dev\CC2538ZNP-with-SBL\Obj\zcl.o"
#        "C:\Texas Instruments\Z-Stack
#        3.0.2\Projects\zstack\ZNP\CC2538-dev\CC2538ZNP-with-SBL\Obj\zcl_green_power.o"
#        "C:\Texas Instruments\Z-Stack
#        3.0.2\Projects\zstack\ZNP\CC2538-dev\CC2538ZNP-with-SBL\Obj\zcl_key_establish.o"
#        "C:\Texas Instruments\Z-Stack
#        3.0.2\Projects\zstack\ZNP\CC2538-dev\CC2538ZNP-with-SBL\Obj\ZDApp.o"
#        "C:\Texas Instruments\Z-Stack
#        3.0.2\Projects\zstack\ZNP\CC2538-dev\CC2538ZNP-with-SBL\Obj\ZDConfig.o"
#        "C:\Texas Instruments\Z-Stack
#        3.0.2\Projects\zstack\ZNP\CC2538-dev\CC2538ZNP-with-SBL\Obj\ZDiags.o"
#        "C:\Texas Instruments\Z-Stack
#        3.0.2\Projects\zstack\ZNP\CC2538-dev\CC2538ZNP-with-SBL\Obj\ZDNwkMgr.o"
#        "C:\Texas Instruments\Z-Stack
#        3.0.2\Projects\zstack\ZNP\CC2538-dev\CC2538ZNP-with-SBL\Obj\ZDObject.o"
#        "C:\Texas Instruments\Z-Stack
#        3.0.2\Projects\zstack\ZNP\CC2538-dev\CC2538ZNP-with-SBL\Obj\ZDProfile.o"
#        "C:\Texas Instruments\Z-Stack
#        3.0.2\Projects\zstack\ZNP\CC2538-dev\CC2538ZNP-with-SBL\Obj\ZDSecMgr.o"
#        "C:\Texas Instruments\Z-Stack
#        3.0.2\Projects\zstack\ZNP\CC2538-dev\CC2538ZNP-with-SBL\Obj\ZGlobals.o"
#        "C:\Texas Instruments\Z-Stack
#        3.0.2\Projects\zstack\ZNP\CC2538-dev\CC2538ZNP-with-SBL\Obj\zmac.o"
#        "C:\Texas Instruments\Z-Stack
#        3.0.2\Projects\zstack\ZNP\CC2538-dev\CC2538ZNP-with-SBL\Obj\zmac_cb.o"
#        "C:\Texas Instruments\Z-Stack
#        3.0.2\Projects\zstack\ZNP\CC2538-dev\CC2538ZNP-with-SBL\Obj\ZMain.o"
#        "C:\Texas Instruments\Z-Stack
#        3.0.2\Projects\zstack\ZNP\CC2538-dev\CC2538ZNP-with-SBL\Obj\znp_app.o"
#        "C:\Texas Instruments\Z-Stack
#        3.0.2\Projects\zstack\ZNP\CC2538-dev\CC2538ZNP-with-SBL\Obj\znp_soc.o"
#        "C:\Texas Instruments\Z-Stack
#        3.0.2\Projects\zstack\ZNP\CC2538-dev\CC2538ZNP-with-SBL\Obj\znp_spi.o"
#        --redirect _Printf=_PrintfTiny --redirect _Scanf=_ScanfSmallNoMb -o
#        "C:\Texas Instruments\Z-Stack
#        3.0.2\Projects\zstack\ZNP\CC2538-dev\CC2538ZNP-with-SBL\Exe\ZNP.out.tmp"
#        --keep __checksum --map "C:\Texas Instruments\Z-Stack
#        3.0.2\Projects\zstack\ZNP\CC2538-dev\CC2538ZNP-with-SBL\List\ZNP.map"
#        --config "C:\Texas Instruments\Z-Stack
#        3.0.2\Projects\zstack\ZNP\CC2538-dev\..\..\Tools\CC2538DB\CC2538-sb.icf"
#        --keep __checksum --semihosting "C:\Texas Instruments\Z-Stack
#        3.0.2\Projects\zstack\ZNP\CC2538-dev\bsp_no_lcd_buf.lib" "C:\Texas
#        Instruments\Z-Stack
#        3.0.2\Projects\zstack\ZNP\CC2538-dev\..\..\Libraries\CC2538\bin\Ecc.a"
#        "C:\Texas Instruments\Z-Stack
#        3.0.2\Projects\zstack\ZNP\CC2538-dev\..\..\Libraries\CC2538\bin\AllDevice.a"
#        "C:\Texas Instruments\Z-Stack
#        3.0.2\Projects\zstack\ZNP\CC2538-dev\..\..\Libraries\TIMAC\bin\TIMAC-CC2538.a"
#        "C:\Texas Instruments\Z-Stack
#        3.0.2\Projects\zstack\ZNP\CC2538-dev\..\..\..\..\Components\driverlib\cc2538\bin\iar\sdriverlib.lib"
#        "C:\Texas Instruments\Z-Stack
#        3.0.2\Projects\zstack\ZNP\CC2538-dev\..\..\..\..\Components\usblib\cc2538\bin\iar\usbcdc.lib"
#        --entry __iar_program_start --place_holder __checksum,2,.checksum,1
#        --define_symbol __checksum_begin=0x200000 --define_symbol
#        __checksum_end=0x27afff --vfe --text_out locale)
#
###############################################################################

*******************************************************************************
*** RUNTIME MODEL ATTRIBUTES
***

CppFlavor       = *
__SystemLibrary = DLib
__dlib_version  = 6


*******************************************************************************
*** HEAP SELECTION
***

The basic heap was selected because no calls to memory allocation
functions were found in the application outside of system library
functions, and there are calls to deallocation functions in the
application.


*******************************************************************************
*** PLACEMENT SUMMARY
***

"A0":  place at start of [from 0x00200000 to 0x0020011b] { ro section .intvec };
"A1":  place at start of [from 0x0020011c to 0x00200133] {
          ro section .checksum };
"P1":  place in [from 0x0020011c to 0x00200133] { ro section .image_status };
"P2":  place in [from 0x00200134 to 0x0027afff] { ro };
define block HEAP with size = 256, alignment = 8 { };
"P3":  place in [from 0x20004000 to 0x20007fff] { rw, block HEAP };
do not initialize { section .noinit };
initialize by copy { rw };

No sections matched the following patterns:

  ro section .cca                                in "A2"
  ro section CA_PUBLIC_KEY_ADDRESS_SPACE         in "A5"
  ro section CA_PUB_KEY_283_ADDRESS_SPACE        in "A8"
  ro section DEV_PRIVATE_KEY_ADDRESS_SPACE       in "A4"
  ro section IEEE_ADDRESS_SPACE                  in "A3"
  ro section IMPLICIT_CERTIFICATE_ADDRESS_SPACE  in "A6"
  ro section IMPL_CERT_283_ADDRESS_SPACE         in "A9"
  ro section PRIV_KEY_283_ADDRESS_SPACE          in "A7"
  section VTABLE                                 in "A10"


  Section            Kind        Address     Size  Object
  -------            ----        -------     ----  ------
"A0":                                       0x100
  .intvec            const    0x00200000    0x100  startup_ewarm.o [1]
                            - 0x00200100    0x100

"A1":                                         0x4
  .checksum          const    0x0020011c      0x2  Place holder __checksum
                            - 0x0020011e      0x2

"P1":                                        0x14
  .image_status      const    0x00200120     0x14  startup_ewarm.o [1]
                            - 0x00200134     0x14

"P2":                                     0x1f01f
  .text              ro code  0x00200134   0x2640  mac_beacon.o [5]
  .text              ro code  0x00202774    0x194  OSAL_Memory.o [1]
  .text              ro code  0x00202908    0x450  OSAL.o [1]
  .text              ro code  0x00202d58     0x5c  saddr.o [1]
  .text              ro code  0x00202db4    0x220  interrupt.o [9]
  .text              ro code  0x00202fd4    0x274  zmac_cb.o [1]
  .text              ro code  0x00203248    0x1fa  mac_radio.o [1]
  .rodata            const    0x00203442      0x1  OSAL_ZNP.o [1]
  .text              ro code  0x00203444    0x2c4  mac_pib.o [1]
  .text              ro code  0x00203708     0x7a  mac_low_level.o [1]
  .text              ro code  0x00203784    0x360  mac_tx.o [1]
  .text              ro code  0x00203ae4    0x194  mac_rx_onoff.o [1]
  .text              ro code  0x00203c78      0x2  hal_assert.o [1]
  .text              ro code  0x00203c7c    0x13c  mac_backoff_timer.o [1]
  .text              ro code  0x00203db8     0x66  ABImemset.o [8]
  .text              ro code  0x00203e20     0xac  OnBoard.o [1]
  .text              ro code  0x00203ecc    0x1f0  OSAL_Timers.o [1]
  .text              ro code  0x002040bc     0x14  OSAL_PwrMgr.o [1]
  .text              ro code  0x002040d0     0x94  OSAL_ZNP.o [1]
  .text              ro code  0x00204164     0x54  hal_drivers.o [1]
  .text              ro code  0x002041b8     0x10  cpu.o [9]
  .text              ro code  0x002041c8    0x508  nwk_bufs.o [3]
  .text              ro code  0x002046d0    0x480  mac_mcu.o [1]
  .text              ro code  0x00204b50     0x6c  mac_mem.o [1]
  .text              ro code  0x00204bbc    0x6cc  mac_rx.o [1]
  .text              ro code  0x00205288     0x56  ABImemcpy_unaligned.o [8]
  .text              ro code  0x002052e0     0x5c  mac_sleep.o [1]
  .text              ro code  0x0020533c    0x364  mac_csp_tx.o [1]
  .text              ro code  0x002056a0      0x2  hal_key.o [1]
  .text              ro code  0x002056a4     0x1c  hal_adc.o [1]
  .text              ro code  0x002056c0    0x2a0  znp_app.o [1]
  .text              ro code  0x00205960   0x1a08  nwk.o [3]
  .text              ro code  0x00207368    0xad4  dGP_stub.o [3]
  .text              ro code  0x00207e3c    0x83c  APS.o [3]
  .text              ro code  0x00208678    0x5dc  aps_frag.o [3]
  .text              ro code  0x00208c54   0x163c  ZDApp.o [1]
  .text              ro code  0x0020a290    0x410  ZDNwkMgr.o [1]
  .text              ro code  0x0020a6a0    0x468  stub_aps.o [1]
  .text              ro code  0x0020ab08   0x10a4  bdb.o [1]
  .text              ro code  0x0020bbac    0x4b4  sapi.o [1]
  .text              ro code  0x0020c060     0x44  hal_aes.o [1]
  .text              ro code  0x0020c0a4    0x394  hal_uart.o [1]
  .text              ro code  0x0020c438   0x2628  nwk_util.o [3]
  .text              ro code  0x0020ea60    0x20e  zmac.o [1]
  .text              ro code  0x0020ec70   0x1910  rtg.o [3]
  .text              ro code  0x00210580    0x300  mac_autopend.o [1]
  .text              ro code  0x00210880     0x5c  mac_radio_defs.o [1]
  .text              ro code  0x002108dc    0x134  znp_spi.o [1]
  .text              ro code  0x00210a10    0x1bc  MT.o [1]
  .text              ro code  0x00210bcc    0x6be  MT_AF.o [1]
  .text              ro code  0x0021128c   0x100e  MT_ZDO.o [1]
  .text              ro code  0x0021229c    0x5f0  MT_SYS.o [1]
  .text              ro code  0x0021288c    0x140  MT_UART.o [1]
  .text              ro code  0x002129cc    0xb98  osal_nv.o [1]
  .text              ro code  0x00213564    0x144  nwk_globals.o [1]
  .text              ro code  0x002136a8    0x990  AssocList.o [3]
  .text              ro code  0x00214038    0x414  NLMEDE_CB.o [3]
  .text              ro code  0x0021444c    0x866  NLMEDE.o [3]
  .text              ro code  0x00214cb4    0x5a4  ssp.o [3]
  .text              ro code  0x00215258    0x38a  ZDiags.o [1]
  .text              ro code  0x002155e4    0x232  aps_groups.o [3]
  .text              ro code  0x00215818    0x4ac  AddrMgr.o [3]
  .text              ro code  0x00215cc4    0x316  MT_GP.o [1]
  .text              ro code  0x00215fdc    0x19c  cGP_stub.o [3]
  .text              ro code  0x00216178    0xf9c  ZDProfile.o [1]
  .text              ro code  0x00217114      0x6  ABImemclr4.o [8]
  .text              ro code  0x0021711c     0xae  hal_ccm.o [1]
  .text              ro code  0x002171cc    0x774  BindingTable.o [1]
  .text              ro code  0x00217940   0x1610  APSMEDE.o [3]
  .text              ro code  0x00218f50    0x600  AF.o [1]
  .text              ro code  0x00219550    0x1ac  reflecttrack.o [3]
  .text              ro code  0x002196fc    0x2ec  APSMEDE_CB.o [3]
  .text              ro code  0x002199e8    0x22c  aps_util.o [3]
  .text              ro code  0x00219c14   0x1718  ZDObject.o [1]
  .text              ro code  0x0021b32c   0x1510  ZDSecMgr.o [1]
  .text              ro code  0x0021c83c    0x3cc  ZGlobals.o [1]
  .text              ro code  0x0021cc08    0x1d0  sys_ctrl.o [9]
  .text              ro code  0x0021cdd8     0xd0  ZDConfig.o [1]
  .text              ro code  0x0021cea8    0x1a4  ssp_hash.o [3]
  .text              ro code  0x0021d04c    0x198  MT_APP_CONFIG.o [1]
  .text              ro code  0x0021d1e4    0x28e  MT_SAPI.o [1]
  .text              ro code  0x0021d472      0x6  hal_led.o [1]
  .text              ro code  0x0021d478    0x1f4  aes.o [9]
  .text              ro code  0x0021d66c    0x308  ioc.o [9]
  .text              ro code  0x0021d974     0xd4  gpio.o [9]
  .text              ro code  0x0021da48     0xf8  uart.o [9]
  .text              ro code  0x0021db40     0x32  ssi.o [9]
  .text              ro code  0x0021db74    0x27a  OSAL_Clock.o [1]
  .text              ro code  0x0021ddee    0x140  armcm3flashutil.o [1]
  .text              ro code  0x0021df30     0x32  ABImemset48.o [8]
  .text              ro code  0x0021df64    0x390  ccm.o [9]
  .text              ro code  0x0021e2f4     0x34  systick.o [9]
  .text              ro code  0x0021e328     0x3c  flash.o [9]
  .text              ro code  0x0021e364    0x64c  MT_UTIL.o [1]
  .text              ro code  0x0021e9b0    0x180  ZMain.o [1]
  .text              ro code  0x0021eb30    0x174  hal_sys_ctrl.o [1]
  .text              ro code  0x0021eca4     0x24  hal_systick.o [1]
  .rodata            const    0x0021ecc8     0xcc  mac_beacon.o [5]
  .rodata            const    0x0021ed94     0x9c  nwk_globals.o [1]
  .text              ro code  0x0021ee30     0x8a  MT_APP.o [1]
  .text              ro code  0x0021eeba     0x40  zero_init3.o [8]
  .text              ro code  0x0021eefc     0x3c  startup_ewarm.o [1]
  .text              ro code  0x0021ef38      0xc  cstartup_M.o [8]
  .text              ro code  0x0021ef44     0x1e  cmain.o [8]
  .text              ro code  0x0021ef62      0x4  low_level_init.o [7]
  .text              ro code  0x0021ef68     0x28  data_init.o [8]
  .text              ro code  0x0021ef90      0x4  exit.o [7]
  .text              ro code  0x0021ef94      0xa  cexit.o [8]
  .text              ro code  0x0021efa0     0x14  exit.o [10]
  .text              ro code  0x0021efb4     0x38  packbits_init_single.o [8]
  .rodata            const    0x0021efec     0x24  mac_radio_defs.o [1]
  .iar.init_table    const    0x0021f010     0x20  - Linker created -
  .rodata            const    0x0021f030      0x8  mac_cfg.o [1]
  .rodata            const    0x0021f038      0x8  MT_VERSION.o [1]
  .text              ro code  0x0021f040      0x6  hal_sleep.o [1]
  .rodata            const    0x0021f046      0x4  ZDSecMgr.o [1]
  .rodata            const    0x0021f04a      0x0  zero_init3.o [8]
  .rodata            const    0x0021f04a      0x0  packbits_init_single.o [8]
  Initializer bytes  const    0x0021f04a    0x109  <for P3-1>
                            - 0x0021f153  0x1f01f

Absolute sections:                         0x3000
  .noinit            uninit   0x0027c800   0x3000  osal_nv.o [1]
                            - 0x0027f800   0x3000

"P3", part 1 of 3:                          0x334
  P3-1                        0x20004000    0x334  <Init block>
    .data            inited   0x20004000      0x8  AF.o [1]
    .data            inited   0x20004008     0x38  bdb.o [1]
    .data            inited   0x20004040     0x58  MT.o [1]
    .data            inited   0x20004098     0x20  osal_nv.o [1]
    .data            inited   0x200040b8     0x60  ZDApp.o [1]
    .data            inited   0x20004118     0x5c  ZDProfile.o [1]
    .data            inited   0x20004174      0x4  ZDSecMgr.o [1]
    .data            inited   0x20004178     0x10  ZGlobals.o [1]
    .data            inited   0x20004188      0x4  ZGlobals.o [1]
    .data            inited   0x2000418c      0x4  ZGlobals.o [1]
    .data            inited   0x20004190     0x20  APS.o [3]
    .data            inited   0x200041b0     0x14  nwk.o [3]
    .data            inited   0x200041c4     0x80  mac_beacon.o [5]
    .data            inited   0x20004244     0x80  mac_beacon.o [5]
    .data            inited   0x200042c4     0x14  mac_beacon.o [5]
    .data            inited   0x200042d8      0xc  aps_frag.o [3]
    .data            inited   0x200042e4      0x8  reflecttrack.o [3]
    .data            inited   0x200042ec      0x2  ZDObject.o [1]
    .data            inited   0x200042ee      0x2  ZGlobals.o [1]
    .data            inited   0x200042f0      0x2  ZGlobals.o [1]
    .data            inited   0x200042f2      0x2  ZGlobals.o [1]
    .data            inited   0x200042f4      0x2  ZGlobals.o [1]
    .data            inited   0x200042f6      0x2  ZGlobals.o [1]
    .data            inited   0x200042f8      0x2  ZGlobals.o [1]
    .data            inited   0x200042fa      0x2  ZGlobals.o [1]
    .data            inited   0x200042fc      0x2  ZGlobals.o [1]
    .data            inited   0x200042fe      0x2  ZGlobals.o [1]
    .data            inited   0x20004300      0x2  nwk_util.o [3]
    .data            inited   0x20004302      0x1  mac_sleep.o [1]
    .data            inited   0x20004303      0x1  nwk_globals.o [1]
    .data            inited   0x20004304      0x1  OnBoard.o [1]
    .data            inited   0x20004305      0x1  OSAL.o [1]
    .data            inited   0x20004306      0x5  stub_aps.o [1]
    .data            inited   0x2000430b      0x1  ZDSecMgr.o [1]
    .data            inited   0x2000430c      0x1  ZDSecMgr.o [1]
    .data            inited   0x2000430d      0x1  ZGlobals.o [1]
    .data            inited   0x2000430e      0x1  ZGlobals.o [1]
    .data            inited   0x2000430f      0x1  ZGlobals.o [1]
    .data            inited   0x20004310      0x1  ZGlobals.o [1]
    .data            inited   0x20004311      0x1  ZGlobals.o [1]
    .data            inited   0x20004312      0x1  ZGlobals.o [1]
    .data            inited   0x20004313      0x1  ZGlobals.o [1]
    .data            inited   0x20004314      0x1  ZGlobals.o [1]
    .data            inited   0x20004315      0x1  ZGlobals.o [1]
    .data            inited   0x20004316      0x1  ZGlobals.o [1]
    .data            inited   0x20004317      0x1  ZGlobals.o [1]
    .data            inited   0x20004318      0x1  ZGlobals.o [1]
    .data            inited   0x20004319      0x1  ZGlobals.o [1]
    .data            inited   0x2000431a      0x1  ZGlobals.o [1]
    .data            inited   0x2000431b      0x1  ZGlobals.o [1]
    .data            inited   0x2000431c      0x1  ZGlobals.o [1]
    .data            inited   0x2000431d      0x1  ZGlobals.o [1]
    .data            inited   0x2000431e      0x1  ZGlobals.o [1]
    .data            inited   0x2000431f      0x1  ZGlobals.o [1]
    .data            inited   0x20004320      0x1  ZGlobals.o [1]
    .data            inited   0x20004321      0x1  ZGlobals.o [1]
    .data            inited   0x20004322      0x1  ZGlobals.o [1]
    .data            inited   0x20004323      0x1  ZGlobals.o [1]
    .data            inited   0x20004324      0x1  ZGlobals.o [1]
    .data            inited   0x20004325      0x1  ZGlobals.o [1]
    .data            inited   0x20004326      0x1  ZGlobals.o [1]
    .data            inited   0x20004327      0x1  ZGlobals.o [1]
    .data            inited   0x20004328      0x1  ZGlobals.o [1]
    .data            inited   0x20004329      0x2  ZGlobals.o [1]
    .data            inited   0x2000432b      0x1  ZGlobals.o [1]
    .data            inited   0x2000432c      0x1  ZGlobals.o [1]
    .data            inited   0x2000432d      0x1  ZGlobals.o [1]
    .data            inited   0x2000432e      0x1  ZGlobals.o [1]
    .data            inited   0x2000432f      0x1  ZGlobals.o [1]
    .data            inited   0x20004330      0x1  nwk_util.o [3]
    .data            inited   0x20004331      0x1  NLMEDE.o [3]
    .data            inited   0x20004332      0x2  reflecttrack.o [3]
                            - 0x20004334    0x334

"P3", part 2 of 3:                         0x10a8
  .bss               zero     0x20004334    0x2f4  nwk_globals.o [1]
  .bss               zero     0x20004628    0x1e0  ZDSecMgr.o [1]
  .bss               zero     0x20004808    0x1c0  nwk_globals.o [1]
  .bss               zero     0x200049c8    0x140  nwk_globals.o [1]
  .bss               zero     0x20004b08    0x100  znp_spi.o [1]
  .bss               zero     0x20004c08     0x78  nwk.o [3]
  .bss               zero     0x20004c80     0x6c  mac_pib.o [1]
  .bss               zero     0x20004cec     0x60  nwk_globals.o [1]
  .bss               zero     0x20004d4c     0x60  mac_beacon.o [5]
  .bss               zero     0x20004dac     0x58  ZDiags.o [1]
  .bss               zero     0x20004e04     0x54  mac_beacon.o [5]
  .bss               zero     0x20004e58     0x50  nwk_globals.o [1]
  .bss               zero     0x20004ea8     0x4c  mac_beacon.o [5]
  .bss               zero     0x20004ef4     0x4c  mac_beacon.o [5]
  .bss               zero     0x20004f40     0x48  nwk_globals.o [1]
  .bss               zero     0x20004f88     0x44  mac_beacon.o [5]
  .bss               zero     0x20004fcc     0x38  nwk_globals.o [1]
  .bss               zero     0x20005004     0x38  ZDObject.o [1]
  .bss               zero     0x2000503c     0x38  mac_beacon.o [5]
  .bss               zero     0x20005074     0x30  ZDNwkMgr.o [1]
  .bss               zero     0x200050a4     0x2c  hal_uart.o [1]
  .bss               zero     0x200050d0     0x28  ZDSecMgr.o [1]
  .bss               zero     0x200050f8     0x24  nwk_globals.o [1]
  .bss               zero     0x2000511c     0x20  BindingTable.o [1]
  .bss               zero     0x2000513c     0x1c  nwk_util.o [3]
  .bss               zero     0x20005158     0x18  mac_rx.o [1]
  .bss               zero     0x20005170     0x18  mac_tx.o [1]
  .bss               zero     0x20005188     0x18  nwk_globals.o [1]
  .bss               zero     0x200051a0     0x18  dGP_stub.o [3]
  .bss               zero     0x200051b8     0x16  sapi.o [1]
  .bss               zero     0x200051ce      0x2  mac_rx_onoff.o [1]
  .bss               zero     0x200051d0     0x14  nwk_globals.o [1]
  .bss               zero     0x200051e4     0x14  aes.o [9]
  .bss               zero     0x200051f8     0x10  mac_mcu.o [1]
  .bss               zero     0x20005208     0x10  ZDConfig.o [1]
  .bss               zero     0x20005218     0x10  znp_app.o [1]
  .bss               zero     0x20005228     0x10  APSMEDE.o [3]
  .bss               zero     0x20005238     0x10  nwk_util.o [3]
  .bss               zero     0x20005248     0x10  APS.o [3]
  .bss               zero     0x20005258     0x10  dGP_stub.o [3]
  .bss               zero     0x20005268      0xc  MT_UART.o [1]
  .bss               zero     0x20005274      0xc  nwk_globals.o [1]
  .bss               zero     0x20005280      0xc  osal_nv.o [1]
  .bss               zero     0x2000528c      0xc  ZDApp.o [1]
  .bss               zero     0x20005298      0xc  znp_spi.o [1]
  .bss               zero     0x200052a4      0xc  APSMEDE.o [3]
  .bss               zero     0x200052b0      0xc  nwk_util.o [3]
  .bss               zero     0x200052bc      0xc  NLMEDE.o [3]
  .bss               zero     0x200052c8      0x8  mac_backoff_timer.o [1]
  .bss               zero     0x200052d0      0x8  mac_mcu.o [1]
  .bss               zero     0x200052d8      0x8  MT_AF.o [1]
  .bss               zero     0x200052e0      0x8  OnBoard.o [1]
  .bss               zero     0x200052e8      0x8  OSAL_Clock.o [1]
  .bss               zero     0x200052f0      0x8  OSAL_PwrMgr.o [1]
  .bss               zero     0x200052f8      0x8  OSAL_Timers.o [1]
  .bss               zero     0x20005300      0x8  ZGlobals.o [1]
  .bss               zero     0x20005308      0x8  ZGlobals.o [1]
  .bss               zero     0x20005310      0x8  zmac.o [1]
  .bss               zero     0x20005318      0x8  nwk_util.o [3]
  .bss               zero     0x20005320      0x8  AddrMgr.o [3]
  .bss               zero     0x20005328      0x8  nwk.o [3]
  .bss               zero     0x20005330      0x8  ssp.o [3]
  .bss               zero     0x20005338      0x8  ssp.o [3]
  .bss               zero     0x20005340      0x4  hal_aes.o [1]
  .bss               zero     0x20005344      0x4  mac_radio.o [1]
  .bss               zero     0x20005348      0x4  MT_ZDO.o [1]
  .bss               zero     0x2000534c      0x4  MT_ZDO.o [1]
  .bss               zero     0x20005350      0x4  OnBoard.o [1]
  .bss               zero     0x20005354      0x4  OSAL.o [1]
  .bss               zero     0x20005358      0x4  OSAL_ZNP.o [1]
  .bss               zero     0x2000535c      0x4  ZDConfig.o [1]
  .bss               zero     0x20005360      0x4  ZDNwkMgr.o [1]
  .bss               zero     0x20005364      0x4  ZDNwkMgr.o [1]
  .bss               zero     0x20005368      0x4  ZDObject.o [1]
  .bss               zero     0x2000536c      0x4  ZDProfile.o [1]
  .bss               zero     0x20005370      0x4  ZGlobals.o [1]
  .bss               zero     0x20005374      0x4  zmac_cb.o [1]
  .bss               zero     0x20005378      0x4  APSMEDE.o [3]
  .bss               zero     0x2000537c      0x4  APSMEDE.o [3]
  .bss               zero     0x20005380      0x4  nwk_util.o [3]
  .bss               zero     0x20005384      0x4  aps_groups.o [3]
  .bss               zero     0x20005388      0x4  APS.o [3]
  .bss               zero     0x2000538c      0x4  APS.o [3]
  .bss               zero     0x20005390      0x4  APS.o [3]
  .bss               zero     0x20005394      0x4  NLMEDE.o [3]
  .bss               zero     0x20005398      0x4  NLMEDE.o [3]
  .bss               zero     0x2000539c      0x4  ssp.o [3]
  .bss               zero     0x200053a0      0x4  nwk_bufs.o [3]
  .bss               zero     0x200053a4      0x4  nwk_bufs.o [3]
  .bss               zero     0x200053a8      0x4  cGP_stub.o [3]
  .bss               zero     0x200053ac      0x2  MT_SAPI.o [1]
  .bss               zero     0x200053ae      0x2  nwk_globals.o [1]
  .bss               zero     0x200053b0      0x2  ZDObject.o [1]
  .bss               zero     0x200053b2      0x2  ZDSecMgr.o [1]
  .bss               zero     0x200053b4      0x2  nwk_util.o [3]
  .bss               zero     0x200053b6      0x2  NLMEDE.o [3]
  .bss               zero     0x200053b8      0x2  dGP_stub.o [3]
  .bss               zero     0x200053ba      0x1  hal_drivers.o [1]
  .bss               zero     0x200053bb      0x1  hal_uart.o [1]
  .bss               zero     0x200053bc      0x1  mac_autopend.o [1]
  .bss               zero     0x200053bd      0x1  mac_autopend.o [1]
  .bss               zero     0x200053be      0x1  mac_mcu.o [1]
  .bss               zero     0x200053bf      0x1  MT_TASK.o [1]
  .bss               zero     0x200053c0      0x1  MT_ZDO.o [1]
  .bss               zero     0x200053c1      0x1  OnBoard.o [1]
  .bss               zero     0x200053c2      0x1  OSAL_Memory.o [1]
  .bss               zero     0x200053c3      0x1  ZDApp.o [1]
  .bss               zero     0x200053c4      0x1  ZDApp.o [1]
  .bss               zero     0x200053c5      0x1  ZDApp.o [1]
  .bss               zero     0x200053c6      0x1  ZDApp.o [1]
  .bss               zero     0x200053c7      0x1  ZDSecMgr.o [1]
  .bss               zero     0x200053c8      0x1  ZGlobals.o [1]
  .bss               zero     0x200053c9      0x1  ZGlobals.o [1]
  .bss               zero     0x200053ca      0x1  ZGlobals.o [1]
  .bss               zero     0x200053cb      0x1  ZGlobals.o [1]
  .bss               zero     0x200053cc      0x1  ZGlobals.o [1]
  .bss               zero     0x200053cd      0x1  ZGlobals.o [1]
  .bss               zero     0x200053ce      0x1  ZGlobals.o [1]
  .bss               zero     0x200053cf      0x1  ZGlobals.o [1]
  .bss               zero     0x200053d0      0x1  ZGlobals.o [1]
  .bss               zero     0x200053d1      0x1  ZGlobals.o [1]
  .bss               zero     0x200053d2      0x1  ZGlobals.o [1]
  .bss               zero     0x200053d3      0x1  zmac_cb.o [1]
  .bss               zero     0x200053d4      0x1  znp_app.o [1]
  .bss               zero     0x200053d5      0x1  nwk_util.o [3]
  .bss               zero     0x200053d6      0x1  nwk_util.o [3]
  .bss               zero     0x200053d7      0x1  rtg.o [3]
  .bss               zero     0x200053d8      0x1  rtg.o [3]
  .bss               zero     0x200053d9      0x1  nwk.o [3]
  .bss               zero     0x200053da      0x1  ssp.o [3]
                            - 0x200053db   0x10a7

"P3", part 3 of 3:                         0x2004
  .noinit            uninit   0x200053dc   0x1800  OSAL_Memory.o [1]
  .noinit            uninit   0x20006bdc    0x800  startup_ewarm.o [1]
  .noinit            uninit   0x200073dc      0x4  OSAL_Memory.o [1]
                            - 0x200073e0   0x2004


*******************************************************************************
*** INIT TABLE
***

          Address     Size
          -------     ----
Zero (__iar_zero_init3)
    1 destination range, total size 0x10a7:
          0x20004334  0x10a7

Copy/packbits (__iar_packbits_init_single3)
    1 source range, total size 0x109 (32% of destination):
          0x0021f04a   0x109
    1 destination range, total size 0x334:
          0x20004000   0x334



*******************************************************************************
*** MODULE SUMMARY
***

    Module                  ro code  ro data  rw data  rw data
                                                        (abs)
    ------                  -------  -------  -------  -------
C:\Texas Instruments\Z-Stack 3.0.2\Projects\zstack\ZNP\CC2538-dev\CC2538ZNP-with-SBL\Obj: [1]
    AF.o                      1 536        2        8
    BindingTable.o            1 908                32
    MT.o                        444       29       88
    MT_AF.o                   1 726                 8
    MT_APP.o                    138
    MT_APP_CONFIG.o             408
    MT_GP.o                     790
    MT_SAPI.o                   654                 2
    MT_SYS.o                  1 520
    MT_TASK.o                                       1
    MT_UART.o                   320                12
    MT_UTIL.o                 1 612
    MT_VERSION.o                           8
    MT_ZDO.o                  4 110                 9
    OSAL.o                    1 104        1        5
    OSAL_Clock.o                634                 8
    OSAL_Memory.o               404             6 149
    OSAL_PwrMgr.o                20                 8
    OSAL_Timers.o               496                 8
    OSAL_ZNP.o                  148        1        4
    OnBoard.o                   172                14
    ZDApp.o                   5 692       31      112
    ZDConfig.o                  208                20
    ZDNwkMgr.o                1 040                56
    ZDObject.o                5 912        1       64
    ZDProfile.o               3 996       30       96
    ZDSecMgr.o                5 392        6      529
    ZDiags.o                    906                88
    ZGlobals.o                  972       25      108
    ZMain.o                     384
    armcm3flashutil.o           320
    bdb.o                     4 260       18       56
    hal_adc.o                    28
    hal_aes.o                    68                 4
    hal_assert.o                  2
    hal_ccm.o                   174
    hal_drivers.o                84                 1
    hal_key.o                     2
    hal_led.o                     6
    hal_sleep.o                   6
    hal_sys_ctrl.o              372
    hal_systick.o                36
    hal_uart.o                  916                45
    mac_autopend.o              768                 2
    mac_backoff_timer.o         316                 8
    mac_cfg.o                              8
    mac_csp_tx.o                868
    mac_low_level.o             122
    mac_mcu.o                 1 152                25
    mac_mem.o                   108
    mac_pib.o                   708               108
    mac_radio.o                 506                 4
    mac_radio_defs.o             92       36
    mac_rx.o                  1 740                24
    mac_rx_onoff.o              404                 2
    mac_sleep.o                  92        1        1
    mac_tx.o                    864                24
    nwk_globals.o               324      156    1 923
    osal_nv.o                 2 968       10       44   12 288
    saddr.o                      92
    sapi.o                    1 204                22
    startup_ewarm.o              60      276    2 048
    stub_aps.o                1 128        1        5
    zmac.o                      526                 8
    zmac_cb.o                   628                 5
    znp_app.o                   672                17
    znp_spi.o                   308               268
    ----------------------------------------------------------
    Total:                   64 570      640   12 073   12 288

command line: [2]
    ----------------------------------------------------------
    Total:

AllDevice.a: [3]
    APS.o                     2 108       10       60
    APSMEDE.o                 5 648                36
    APSMEDE_CB.o                748
    AddrMgr.o                 1 196                 8
    AssocList.o               2 448
    NLMEDE.o                  2 150                23
    NLMEDE_CB.o               1 044
    aps_frag.o                1 500        4       12
    aps_groups.o                562                 4
    aps_util.o                  556
    cGP_stub.o                  412                 4
    dGP_stub.o                2 772                42
    nwk.o                     6 664        7      149
    nwk_bufs.o                1 288                 8
    nwk_util.o                9 768        1       75
    reflecttrack.o              428        3       10
    rtg.o                     6 416                 2
    ssp.o                     1 444                21
    ssp_hash.o                  420
    ----------------------------------------------------------
    Total:                   47 572       25      454

Ecc.a: [4]
    ----------------------------------------------------------
    Total:

TIMAC-CC2538.a: [5]
    mac_beacon.o              9 792      293      732
    ----------------------------------------------------------
    Total:                    9 792      293      732

bsp_no_lcd_buf.lib: [6]
    ----------------------------------------------------------
    Total:

dl7M_tln.a: [7]
    exit.o                        4
    low_level_init.o              4
    ----------------------------------------------------------
    Total:                        8

rt7M_tl.a: [8]
    ABImemclr4.o                  6
    ABImemcpy_unaligned.o        86
    ABImemset.o                 102
    ABImemset48.o                50
    cexit.o                      10
    cmain.o                      30
    cstartup_M.o                 12
    data_init.o                  40
    packbits_init_single.o       56
    zero_init3.o                 64
    ----------------------------------------------------------
    Total:                      456

sdriverlib.lib: [9]
    aes.o                       500                20
    ccm.o                       912
    cpu.o                        16
    flash.o                      60
    gpio.o                      212
    interrupt.o                 544
    ioc.o                       776
    ssi.o                        50
    sys_ctrl.o                  464
    systick.o                    52
    uart.o                      248
    ----------------------------------------------------------
    Total:                    3 834                20

shb_l.a: [10]
    exit.o                       20
    ----------------------------------------------------------
    Total:                       20

    Gaps                         41
    Linker created                        32
--------------------------------------------------------------
    Grand Total:            126 293      992   13 279   12 288


*******************************************************************************
*** ENTRY LIST
***

Entry                      Address    Size  Type      Object
-----                      -------    ----  ----      ------
.iar.init_table$$Base   0x0021f010           --   Gb  - Linker created -
.iar.init_table$$Limit  0x0021f030           --   Gb  - Linker created -
?main                   0x0021ef45          Code  Gb  cmain.o [8]
AESECBCheckResult       0x0021d5d7    0x16  Code  Gb  aes.o [9]
AESECBGetResult         0x0021d5ed    0x5a  Code  Gb  aes.o [9]
AESECBStart             0x0021d54d    0x8a  Code  Gb  aes.o [9]
AESLoadKey              0x0021d479    0xd2  Code  Gb  aes.o [9]
AESLoadKey::ui32temp    0x200051e8    0x10  Data  Lc  aes.o [9]
AF_DataRequest          0x00219205   0x1e4  Code  Gb  AF.o [1]
AF_DataRequestDiscoverRoute
                        0x20004000     0x1  Data  Gb  AF.o [1]
AF_DataRequestSrcRtg    0x002193e9    0x44  Code  Gb  AF.o [1]
AIB_MaxBindingTime      0x20004194     0x2  Data  Gb  APS.o [3]
AIB_apsTrustCenterAddress
                        0x20004198     0x4  Data  Gb  APS.o [3]
AIB_apsUseExtendedPANID
                        0x200041a8     0x8  Data  Gb  APS.o [3]
AIB_apsUseInsecureJoin  0x20004192     0x1  Data  Gb  APS.o [3]
APSDE_DataCnf           0x00219715     0xa  Code  Gb  APSMEDE_CB.o [3]
APSDE_DataConfirm       0x002196fd    0x18  Code  Gb  APSMEDE_CB.o [3]
APSDE_DataIndication    0x0021971f    0xa8  Code  Gb  APSMEDE_CB.o [3]
APSDE_DataReq           0x00217941   0x1fe  Code  Gb  APSMEDE.o [3]
APSDE_DataReqMTU        0x00217b45    0x2e  Code  Gb  APSMEDE.o [3]
APSDE_FrameAlloc        0x0021870d    0xbe  Code  Gb  APSMEDE.o [3]
APSDE_FrameBlkFree      0x0021834f     0xc  Code  Lc  APSMEDE.o [3]
APSDE_FrameHdrInit      0x002182cd    0x82  Code  Lc  APSMEDE.o [3]
APSDE_FrameHdrSet       0x002181cf    0xec  Code  Lc  APSMEDE.o [3]
APSDE_FrameSend         0x002187d5    0x34  Code  Gb  APSMEDE.o [3]
APSDE_ParseMsg          0x002199e9   0x100  Code  Gb  aps_util.o [3]
APSF_AddObj             0x0020869f    0x2a  Code  Lc  aps_frag.o [3]
APSF_AllocRxObj         0x00208975    0xd8  Code  Lc  aps_frag.o [3]
APSF_FindObj            0x002086c9    0x22  Code  Lc  aps_frag.o [3]
APSF_FreeObj            0x002086eb    0x28  Code  Lc  aps_frag.o [3]
APSF_IncomingData       0x00208a4d   0x12e  Code  Lc  aps_frag.o [3]
APSF_Init               0x00208679    0x26  Code  Gb  aps_frag.o [3]
APSF_ObjList            0x200042dc     0x4  Data  Lc  aps_frag.o [3]
APSF_ProcessAck         0x002088f1    0x78  Code  Gb  aps_frag.o [3]
APSF_ProcessEvent       0x00208b87    0xae  Code  Gb  aps_frag.o [3]
APSF_SendFragmented     0x00208715   0x106  Code  Gb  aps_frag.o [3]
APSF_SendOsalMsg        0x00208b7d     0xa  Code  Gb  aps_frag.o [3]
APSF_TxNextFrame        0x0020881b    0xd6  Code  Lc  aps_frag.o [3]
APSF_taskID             0x200042d8     0x1  Data  Gb  aps_frag.o [3]
APSME_AddTCLinkKey      0x002188e7    0xb6  Code  Gb  APSMEDE.o [3]
APSME_BindRequest       0x00217b73    0x26  Code  Gb  APSMEDE.o [3]
APSME_CmdConfirmKey     0x0021857b    0x1e  Code  Lc  APSMEDE.o [3]
APSME_CmdPkt            0x00218695    0x64  Code  Gb  APSMEDE.o [3]
APSME_CmdPktCM_CD       0x00218599    0x4a  Code  Lc  APSMEDE.o [3]
APSME_CmdPktCM_ED       0x0021867d    0x18  Code  Lc  APSMEDE.o [3]
APSME_CmdPktCM_RD       0x002185f1    0x8c  Code  Lc  APSMEDE.o [3]
APSME_CmdPktHook        0x20005378     0x4  Data  Lc  APSMEDE.o [3]
APSME_CmdRemoveDevice   0x00218549    0x14  Code  Lc  APSMEDE.o [3]
APSME_CmdSwitchKey      0x0021855d    0x16  Code  Lc  APSMEDE.o [3]
APSME_CmdTransportKey   0x002183ef   0x128  Code  Lc  APSMEDE.o [3]
APSME_CmdUpdateDevice   0x00218521    0x28  Code  Lc  APSMEDE.o [3]
APSME_ConfirmKeyInd     0x00219971    0x64  Code  Gb  APSMEDE_CB.o [3]
APSME_ConfirmKeyReq     0x00218e4f    0x94  Code  Gb  APSMEDE.o [3]
APSME_EraseICEntry      0x00218849    0x36  Code  Gb  APSMEDE.o [3]
APSME_FrameSecApplyCM   0x00218141    0x6c  Code  Lc  APSMEDE.o [3]
APSME_FrameSecApplyExtCM
                        0x002181ad     0x4  Code  Lc  APSMEDE.o [3]
APSME_FrameSecApplyExtHook
                        0x20005230     0x4  Data  Lc  APSMEDE.o [3]
APSME_FrameSecApplyHook
                        0x2000522c     0x4  Data  Lc  APSMEDE.o [3]
APSME_FrameSecCM        0x002181b1    0x1e  Code  Lc  APSMEDE.o [3]
APSME_FrameSecKeySetup  0x00217d5d   0x140  Code  Lc  APSMEDE.o [3]
APSME_FrameSecRemoveCM  0x00217f1d   0x224  Code  Lc  APSMEDE.o [3]
APSME_FrameSecRemoveHook
                        0x20005234     0x4  Data  Lc  APSMEDE.o [3]
APSME_FrameSecSetupCM   0x00217e9d    0x80  Code  Lc  APSMEDE.o [3]
APSME_FrameSecSetupHook
                        0x20005228     0x4  Data  Lc  APSMEDE.o [3]
APSME_FrameSecurityRemove
                        0x0021881d    0x2c  Code  Gb  APSMEDE.o [3]
APSME_FrameTunnel       0x0021835b    0x8a  Code  Lc  APSMEDE.o [3]
APSME_GetRequest        0x00217bab    0x56  Code  Gb  APSMEDE.o [3]
APSME_HoldDataRequests  0x0020850b    0x1c  Code  Gb  APS.o [3]
APSME_IsDistributedSecurity
                        0x00218f13     0xc  Code  Gb  APSMEDE.o [3]
APSME_KeyFwdToChild     0x0021bfcd    0x22  Code  Gb  ZDSecMgr.o [1]
APSME_LinkKeyNVIdGet    0x0021bfab    0x14  Code  Gb  ZDSecMgr.o [1]
APSME_LinkKeySet        0x0021bec9    0x6a  Code  Gb  ZDSecMgr.o [1]
APSME_LinkKeySync       0x00217cfb    0x62  Code  Lc  APSMEDE.o [3]
APSME_LookupExtAddr     0x00217c2b    0x66  Code  Gb  APSMEDE.o [3]
APSME_LookupNwkAddr     0x00217c91    0x30  Code  Gb  APSMEDE.o [3]
APSME_RemoveDeviceInd   0x00219831    0x20  Code  Gb  APSMEDE_CB.o [3]
APSME_RemoveDeviceReq   0x00218c47    0x3a  Code  Gb  APSMEDE.o [3]
APSME_RequestKeyInd     0x0021985f    0x28  Code  Gb  APSMEDE_CB.o [3]
APSME_RequestKeyReq     0x00218ca9    0x72  Code  Gb  APSMEDE.o [3]
APSME_SearchTCLinkKeyEntry
                        0x00218b71    0x78  Code  Gb  APSMEDE.o [3]
APSME_SecurityCM_CD     0x00218f05     0xe  Code  Gb  APSMEDE.o [3]
APSME_SecurityCM_ED     0x00218ee9     0xe  Code  Gb  APSMEDE.o [3]
APSME_SecurityCM_RD     0x00218ef7     0xe  Code  Gb  APSMEDE.o [3]
APSME_SetDefaultKey     0x00218895    0x42  Code  Gb  APSMEDE.o [3]
APSME_SetRequest        0x00217c01    0x2a  Code  Gb  APSMEDE.o [3]
APSME_SwitchKeyInd      0x00219891    0x28  Code  Gb  APSMEDE_CB.o [3]
APSME_SwitchKeyReq      0x00218e09    0x46  Code  Gb  APSMEDE.o [3]
APSME_TCLinkKeyInit     0x0021c221    0x84  Code  Gb  ZDSecMgr.o [1]
APSME_TCLinkKeyLoad     0x0021c3d9   0x148  Code  Gb  ZDSecMgr.o [1]
APSME_TCLinkKeySync     0x0021c2bb   0x116  Code  Gb  ZDSecMgr.o [1]
APSME_TransportKeyInd   0x002197c7    0x3a  Code  Gb  APSMEDE_CB.o [3]
APSME_TransportKeyReq   0x002189a9   0x1c0  Code  Gb  APSMEDE.o [3]
APSME_UnBindRequest     0x00217b99    0x12  Code  Gb  APSMEDE.o [3]
APSME_UpdateDeviceInd   0x00219801    0x28  Code  Gb  APSMEDE_CB.o [3]
APSME_UpdateDeviceReq   0x00218bf5    0x52  Code  Gb  APSMEDE.o [3]
APSME_VerifyKeyInd      0x002198b9    0xb8  Code  Gb  APSMEDE_CB.o [3]
APSME_VerifyKeyReq      0x00218d1f    0xe0  Code  Gb  APSMEDE.o [3]
APS_AllowDataRequests   0x20004193     0x1  Data  Gb  APS.o [3]
APS_CmdInd              0x00207f9b    0x5c  Code  Gb  APS.o [3]
APS_Counter             0x20004191     0x1  Data  Gb  APS.o [3]
APS_DataConfirmReflect  0x002080d9    0x20  Code  Lc  APS.o [3]
APS_DataIndReflect      0x002080f9   0x146  Code  Lc  APS.o [3]
APS_GetBind             0x00208031    0xa6  Code  Lc  APS.o [3]
APS_Init                0x00207e61    0x30  Code  Gb  APS.o [3]
APS_IsDuplicate         0x002085ab    0x9c  Code  Lc  APS.o [3]
APS_MaintainDupRejTable
                        0x00208527    0x84  Code  Lc  APS.o [3]
APS_ReReflect           0x00208429    0x8a  Code  Lc  APS.o [3]
APS_Reflect             0x0020823f   0x1ea  Code  Lc  APS.o [3]
APS_ReflectMonitor      0x002084b3    0x54  Code  Lc  APS.o [3]
APS_ReflectorInit       0x00207e3d    0x24  Code  Gb  APS.o [3]
APS_SetEndDeviceBindTimeout
                        0x00207f7f    0x1c  Code  Gb  APS.o [3]
APS_TaskID              0x20004190     0x1  Data  Gb  APS.o [3]
APS_UnBind              0x00207ff9    0x38  Code  Lc  APS.o [3]
APS_event_loop          0x00207e91    0xee  Code  Gb  APS.o [3]
APS_lastDupTime         0x200041a4     0x4  Data  Gb  APS.o [3]
AddrMgrEntryAdd         0x00215885    0x54  Code  Lc  AddrMgr.o [3]
AddrMgrEntryAddRef      0x002159e5    0x36  Code  Gb  AddrMgr.o [3]
AddrMgrEntryData        0x20005324     0x4  Data  Lc  AddrMgr.o [3]
AddrMgrEntryDataSave    0x00215819     0xc  Code  Lc  AddrMgr.o [3]
AddrMgrEntryGet         0x00215add    0x3e  Code  Gb  AddrMgr.o [3]
AddrMgrEntryLookupExt   0x00215a7f    0x5e  Code  Gb  AddrMgr.o [3]
AddrMgrEntryLookupNwk   0x00215a1b    0x64  Code  Gb  AddrMgr.o [3]
AddrMgrEntryRelease     0x002159b7    0x2e  Code  Gb  AddrMgr.o [3]
AddrMgrEntrySet         0x00215847    0x3e  Code  Lc  AddrMgr.o [3]
AddrMgrEntryTotal       0x20005320     0x2  Data  Lc  AddrMgr.o [3]
AddrMgrEntryUpdate      0x00215b21    0xc6  Code  Gb  AddrMgr.o [3]
AddrMgrEntryValidate    0x00215825    0x22  Code  Lc  AddrMgr.o [3]
AddrMgrExtAddrEqual     0x00215945    0x1e  Code  Gb  AddrMgr.o [3]
AddrMgrExtAddrLookup    0x00215963    0x26  Code  Gb  AddrMgr.o [3]
AddrMgrExtAddrSet       0x0021591b     0xe  Code  Gb  AddrMgr.o [3]
AddrMgrExtAddrValid     0x00215929    0x1c  Code  Gb  AddrMgr.o [3]
AddrMgrInit             0x002158d9    0x2c  Code  Gb  AddrMgr.o [3]
AddrMgrInitNV           0x00215c71    0x22  Code  Gb  AddrMgr.o [3]
AddrMgrIsFull           0x00215be7    0x28  Code  Gb  AddrMgr.o [3]
AddrMgrNwkAddrLookup    0x00215989    0x2e  Code  Gb  AddrMgr.o [3]
AddrMgrReset            0x00215905    0x16  Code  Gb  AddrMgr.o [3]
AddrMgrRestoreFromNV    0x00215c0f    0x2c  Code  Gb  AddrMgr.o [3]
AddrMgrSetDefaultNV     0x00215c93    0x2c  Code  Gb  AddrMgr.o [3]
AddrMgrWriteNV          0x00215c3b    0x36  Code  Gb  AddrMgr.o [3]
AddrMgrWriteNVRequest   0x00209fdf     0xc  Code  Gb  ZDApp.o [1]
App_TaskID              0x20005268     0x1  Data  Gb  MT_UART.o [1]
ApsLinkKeyFrmCntr       0x200050d0    0x24  Data  Gb  ZDSecMgr.o [1]
AssocAddNew             0x002136e9   0x12a  Code  Gb  AssocList.o [3]
AssocChangeNwkAddr      0x00213813    0x6e  Code  Gb  AssocList.o [3]
AssocCheckDupNeighbors  0x00213a45    0x82  Code  Gb  AssocList.o [3]
AssocChildAging         0x00213ac7    0x94  Code  Gb  AssocList.o [3]
AssocChildTableManagement
                        0x00213b7f    0x54  Code  Gb  AssocList.o [3]
AssocChildTableUpdateTimeout
                        0x00213b61    0x1e  Code  Gb  AssocList.o [3]
AssocCopyBackupToNewNV  0x00213c17   0x116  Code  Lc  AssocList.o [3]
AssocCount              0x002136bd    0x2c  Code  Gb  AssocList.o [3]
AssocFindDevice         0x00213a09    0x30  Code  Gb  AssocList.o [3]
AssocGetWithAddress     0x002138d5    0x6e  Code  Gb  AssocList.o [3]
AssocGetWithExt         0x002138d3     0x2  Code  Gb  AssocList.o [3]
AssocGetWithShort       0x002138cd     0x6  Code  Gb  AssocList.o [3]
AssocInit               0x002136a9    0x14  Code  Gb  AssocList.o [3]
AssocInitNV             0x00213bd3    0x36  Code  Gb  AssocList.o [3]
AssocIsChild            0x00213881    0x1c  Code  Gb  AssocList.o [3]
AssocIsParent           0x002138b9    0x14  Code  Gb  AssocList.o [3]
AssocIsRFChild          0x0021389d    0x1c  Code  Gb  AssocList.o [3]
AssocMakeList           0x0021399d    0x6c  Code  Gb  AssocList.o [3]
AssocMakeListOfRfdChild
                        0x00213f95    0x64  Code  Gb  AssocList.o [3]
AssocRemove             0x0021394b    0x4a  Code  Gb  AssocList.o [3]
AssocReset              0x0021399b     0x2  Code  Gb  AssocList.o [3]
AssocRestoreFromNV      0x00213ded   0x128  Code  Gb  AssocList.o [3]
AssocSetDefaultNV       0x00213c09     0xe  Code  Gb  AssocList.o [3]
AssocUpgradeTableInNV   0x00213d39    0xb4  Code  Lc  AssocList.o [3]
AssocWriteNV            0x00213f31    0x58  Code  Gb  AssocList.o [3]
AssociatedDevList       0x20004334   0x2f4  Data  Gb  nwk_globals.o [1]
BindCopyBackupToNewNV   0x0021773f    0xb8  Code  Lc  BindingTable.o [1]
BindInitNV              0x002176fd    0x26  Code  Gb  BindingTable.o [1]
BindRestoreFromNV       0x00217805    0xbc  Code  Gb  BindingTable.o [1]
BindSetDefaultNV        0x00217725     0xe  Code  Gb  BindingTable.o [1]
BindWriteNV             0x002178cd    0x5c  Code  Gb  BindingTable.o [1]
BindingTable            0x20004fcc    0x38  Data  Gb  nwk_globals.o [1]
CCMAuthEncryptCheckResult
                        0x0021e07f    0x16  Code  Gb  ccm.o [9]
CCMAuthEncryptGetResult
                        0x0021e095    0x86  Code  Gb  ccm.o [9]
CCMAuthEncryptStart     0x0021df65   0x11a  Code  Gb  ccm.o [9]
CCMInvAuthDecryptCheckResult
                        0x0021e21b     0x2  Code  Gb  ccm.o [9]
CCMInvAuthDecryptGetResult
                        0x0021e21d    0xa4  Code  Gb  ccm.o [9]
CCMInvAuthDecryptStart  0x0021e11d    0xfe  Code  Gb  ccm.o [9]
CGP_DataCnf             0x002160c3     0x6  Code  Gb  cGP_stub.o [3]
CGP_DataReq             0x00216007    0xbc  Code  Gb  cGP_stub.o [3]
CPUcpsid                0x002041b9     0x8  Code  Gb  cpu.o [9]
CPUcpsie                0x002041c1     0x8  Code  Gb  cpu.o [9]
DiagsStatsTable         0x20004dac    0x58  Data  Lc  ZDiags.o [1]
FSC_Token               0x2000526b     0x1  Data  Gb  MT_UART.o [1]
FaultISR                0x0021ef31     0x4  Code  Lc  startup_ewarm.o [1]
FlashCacheModeSet       0x0021e34b    0x12  Code  Gb  flash.o [9]
FlashMainPageErase      0x0021e329    0x12  Code  Gb  flash.o [9]
FrameCounterUpdated     0x200053c5     0x1  Data  Gb  ZDApp.o [1]
GPEP_Handle             0x200053b9     0x1  Data  Gb  dGP_stub.o [3]
GPEP_findHandle         0x00207b9d     0x4  Code  Gb  dGP_stub.o [3]
GPIODirModeSet          0x0021d975    0x28  Code  Gb  gpio.o [9]
GPIOIntWakeupDisable    0x0021da2d     0xc  Code  Gb  gpio.o [9]
GPIOIntWakeupEnable     0x0021da23     0xa  Code  Gb  gpio.o [9]
GPIOPinRead             0x0021d99d     0x8  Code  Gb  gpio.o [9]
GPIOPinTypeGPIOOutput   0x0021d9ad     0xa  Code  Gb  gpio.o [9]
GPIOPinTypeUARTInput    0x0021d9cf     0x4  Code  Gb  gpio.o [9]
GPIOPinTypeUARTOutput   0x0021d9d3    0x1a  Code  Gb  gpio.o [9]
GPIOPinWrite            0x0021d9a5     0x8  Code  Gb  gpio.o [9]
GPIOPowIntTypeSet       0x0021d9ed    0x36  Code  Gb  gpio.o [9]
GP_DataCnfGCB           0x200051ac     0x4  Data  Gb  dGP_stub.o [3]
GP_DataIndGCB           0x200051b0     0x4  Data  Gb  dGP_stub.o [3]
GP_DataReq              0x002075d5   0x14c  Code  Gb  dGP_stub.o [3]
GP_SecReqGCB            0x200051b4     0x4  Data  Gb  dGP_stub.o [3]
GP_SecRsp               0x0020772d    0xc0  Code  Gb  dGP_stub.o [3]
GP_aliasConflictAnnce   0x20005264     0x4  Data  Gb  dGP_stub.o [3]
GP_expireDuplicateFilteringGCB
                        0x20005258     0x4  Data  Gb  dGP_stub.o [3]
GP_returnOperationalChannelGCB
                        0x20005260     0x4  Data  Gb  dGP_stub.o [3]
GP_stopCommissioningModeGCB
                        0x2000525c     0x4  Data  Gb  dGP_stub.o [3]
GetBindingTableEntry    0x002176cb    0x32  Code  Gb  BindingTable.o [1]
HalAdcCheckVddRaw       0x002056a9    0x12  Code  Gb  hal_adc.o [1]
HalAdcRead              0x002056a5     0x4  Code  Gb  hal_adc.o [1]
HalAesInit              0x0020c061    0x14  Code  Gb  hal_aes.o [1]
HalDriverInit           0x0020416b     0xe  Code  Gb  hal_drivers.o [1]
HalKeyConfig            0x002056a1     0x2  Code  Gb  hal_key.o [1]
HalLedBlink             0x0021d477     0x2  Code  Gb  hal_led.o [1]
HalLedSet               0x0021d473     0x4  Code  Gb  hal_led.o [1]
HalUARTCloseIsr         0x0020c25f    0x1e  Code  Gb  hal_uart.o [1]
HalUARTInit             0x0020c415     0x2  Code  Gb  hal_uart.o [1]
HalUARTInitIsr          0x0020c0a5    0x34  Code  Gb  hal_uart.o [1]
HalUARTOpen             0x0020c417     0x2  Code  Gb  hal_uart.o [1]
HalUARTOpenIsr          0x0020c0e1    0xee  Code  Gb  hal_uart.o [1]
HalUARTPoll             0x0020c419     0x2  Code  Gb  hal_uart.o [1]
HalUARTPollIsr          0x0020c1cf    0x90  Code  Gb  hal_uart.o [1]
HalUARTRead             0x0020c41b     0x2  Code  Gb  hal_uart.o [1]
HalUARTReadIsr          0x0020c27d    0x44  Code  Gb  hal_uart.o [1]
HalUARTWrite            0x0020c41d     0x2  Code  Gb  hal_uart.o [1]
HalUARTWriteIsr         0x0020c2c1    0x70  Code  Gb  hal_uart.o [1]
Hal_Init                0x00204165     0x6  Code  Gb  hal_drivers.o [1]
Hal_ProcessEvent        0x00204179    0x38  Code  Gb  hal_drivers.o [1]
Hal_ProcessPoll         0x002041b5     0x4  Code  Gb  hal_drivers.o [1]
Hal_TaskID              0x200053ba     0x1  Data  Gb  hal_drivers.o [1]
Hal_UART_RxBufLen       0x0020c41f     0x2  Code  Gb  hal_uart.o [1]
Hal_UART_RxBufLenIsr    0x0020c331    0x18  Code  Gb  hal_uart.o [1]
INTERP_DataConfirm      0x0020a9f5     0xc  Code  Gb  stub_aps.o [1]
INTERP_DataIndication   0x0020aa01    0xfa  Code  Gb  stub_aps.o [1]
INTERP_DataReq          0x0020a8d1   0x120  Code  Gb  stub_aps.o [1]
INTERP_DataReqMTU       0x0020a9f1     0x4  Code  Gb  stub_aps.o [1]
IOCPadConfigSet         0x0021d7f5    0x68  Code  Gb  ioc.o [9]
IOCPinConfigPeriphInput
                        0x0021d6d5   0x120  Code  Gb  ioc.o [9]
IOCPinConfigPeriphOutput
                        0x0021d66d    0x68  Code  Gb  ioc.o [9]
InitBindingTable        0x002171cd    0x4e  Code  Gb  BindingTable.o [1]
InitBoard               0x00203e21    0x32  Code  Gb  OnBoard.o [1]
IntAltMapEnable         0x00202ed9     0xc  Code  Gb  interrupt.o [9]
IntDefaultHandler       0x0021ef35     0x4  Code  Lc  startup_ewarm.o [1]
IntDisable              0x00202e45    0x58  Code  Gb  interrupt.o [9]
IntEnable               0x00202ded    0x58  Code  Gb  interrupt.o [9]
IntMasterDisable        0x00202dbd     0x6  Code  Gb  interrupt.o [9]
IntMasterEnable         0x00202db5     0x8  Code  Gb  interrupt.o [9]
IntPendClear            0x00202e9d    0x3c  Code  Gb  interrupt.o [9]
IntPrioritySet          0x00202dcb    0x22  Code  Gb  interrupt.o [9]
LEN_Token               0x2000526a     0x1  Data  Gb  MT_UART.o [1]
MAC_CbackCheckPending   0x002031d1    0x12  Code  Gb  zmac_cb.o [1]
MAC_CbackEvent          0x00202fd5   0x1fc  Code  Gb  zmac_cb.o [1]
MAC_CbackQueryRetransmit
                        0x002031e3     0x4  Code  Gb  zmac_cb.o [1]
MAC_Init                0x002021bb    0x42  Code  Gb  mac_beacon.o [5]
MAC_InitCoord           0x00200a39    0x36  Code  Gb  mac_beacon.o [5]
MAC_InitDevice          0x0020168d    0x28  Code  Gb  mac_beacon.o [5]
MAC_McpsDataAlloc       0x002010dd    0x18  Code  Gb  mac_beacon.o [5]
MAC_McpsDataReq         0x0020106d    0x5e  Code  Gb  mac_beacon.o [5]
MAC_MlmeAssociateReq    0x00201785     0x8  Code  Gb  mac_beacon.o [5]
MAC_MlmeAssociateRsp    0x00200ad5     0xa  Code  Gb  mac_beacon.o [5]
MAC_MlmeGetReq          0x00203481    0x3e  Code  Gb  mac_pib.o [1]
MAC_MlmePollReq         0x0020178d     0x6  Code  Gb  mac_beacon.o [5]
MAC_MlmeResetReq        0x0020212d    0x8e  Code  Gb  mac_beacon.o [5]
MAC_MlmeScanReq         0x00202557     0x8  Code  Gb  mac_beacon.o [5]
MAC_MlmeSetReq          0x002034c1   0x11e  Code  Gb  mac_pib.o [1]
MAC_MlmeStartReq        0x00200adf     0x8  Code  Gb  mac_beacon.o [5]
MAC_SrcMatchAckAllPending
                        0x0021070b    0x20  Code  Gb  mac_autopend.o [1]
MAC_SrcMatchAddEntry    0x002105b7   0x120  Code  Gb  mac_autopend.o [1]
MAC_SrcMatchCheckAllPending
                        0x0021072b    0x10  Code  Gb  mac_autopend.o [1]
MAC_SrcMatchCheckResult
                        0x0021073b    0x18  Code  Gb  mac_autopend.o [1]
MAC_SrcMatchDeleteEntry
                        0x002106e1    0x2a  Code  Gb  mac_autopend.o [1]
MAC_SrcMatchEnable      0x00210581    0x36  Code  Gb  mac_autopend.o [1]
MTVersionString         0x0021f038     0x8  Data  Gb  MT_VERSION.o [1]
MT_AfCommandProcessing  0x00210c49   0x1c2  Code  Gb  MT_AF.o [1]
MT_AfDataConfirm        0x0021103b    0x18  Code  Gb  MT_AF.o [1]
MT_AfDataRequest        0x00210e0b   0x156  Code  Lc  MT_AF.o [1]
MT_AfDataRequestSrcRtg  0x00210f61    0xce  Code  Lc  MT_AF.o [1]
MT_AfDataRetrieve       0x002111ef    0x90  Code  Lc  MT_AF.o [1]
MT_AfExec               0x00210bcd    0x7a  Code  Gb  MT_AF.o [1]
MT_AfIncomingMsg        0x00211063   0x18c  Code  Gb  MT_AF.o [1]
MT_AppCnfCommandProcessing
                        0x0021d04d   0x13a  Code  Gb  MT_APP_CONFIG.o [1]
MT_AppCnfCommissioningNotification
                        0x0021d1c3    0x22  Code  Gb  MT_APP_CONFIG.o [1]
MT_AppCommandProcessing
                        0x0021ee31    0x8a  Code  Gb  MT_APP.o [1]
MT_BuildAndSendZToolResponse
                        0x00210a11    0x38  Code  Gb  MT.o [1]
MT_BuildEndpointDesc    0x00210ac7    0xf6  Code  Gb  MT.o [1]
MT_GPAddressConflict    0x00215fc1    0x1a  Code  Gb  MT_GP.o [1]
MT_GPDataCnf            0x00215f39    0x1c  Code  Gb  MT_GP.o [1]
MT_GPDataInd            0x00215e65    0xd4  Code  Gb  MT_GP.o [1]
MT_GPSecReq             0x00215f55    0x6c  Code  Gb  MT_GP.o [1]
MT_GpCommandProcessing  0x00215cc5    0x24  Code  Gb  MT_GP.o [1]
MT_GpDataReq            0x00215ce9    0xbc  Code  Lc  MT_GP.o [1]
MT_GpSecRsp             0x00215da5    0xa2  Code  Lc  MT_GP.o [1]
MT_ProcessIncoming      0x00210a49    0x58  Code  Gb  MT.o [1]
MT_SapiCommandProcessing
                        0x0021d1e5   0x1ae  Code  Gb  MT_SAPI.o [1]
MT_SysCommandProcessing
                        0x0021229d   0x314  Code  Gb  MT_SYS.o [1]
MT_SysOsalEventId       0x00212884     0x8  Data  Lc  MT_SYS.o [1]
MT_SysOsalNVRead        0x002125cf   0x10c  Code  Lc  MT_SYS.o [1]
MT_SysOsalNVWrite       0x002126db    0x90  Code  Lc  MT_SYS.o [1]
MT_SysOsalTimerExpired  0x00212869    0x10  Code  Gb  MT_SYS.o [1]
MT_SysResetInd          0x0021283f    0x22  Code  Gb  MT_SYS.o [1]
MT_SysSetUtcTime        0x0021276b    0xce  Code  Lc  MT_SYS.o [1]
MT_TaskID               0x200053bf     0x1  Data  Gb  MT_TASK.o [1]
MT_TransportAlloc       0x002058a5    0x32  Code  Gb  znp_app.o [1]
MT_TransportSend        0x002058d7    0x5c  Code  Gb  znp_app.o [1]
MT_UartCalcFCS          0x00212893    0x1c  Code  Gb  MT_UART.o [1]
MT_UartProcessZToolData
                        0x002128b1   0x118  Code  Gb  MT_UART.o [1]
MT_UartRegisterTaskID   0x0021288d     0x6  Code  Gb  MT_UART.o [1]
MT_UtilBindAddEntry     0x0021e827    0xc8  Code  Lc  MT_UTIL.o [1]
MT_UtilCommandProcessing
                        0x0021e365   0x34a  Code  Gb  MT_UTIL.o [1]
MT_UtilGetDeviceInfo    0x0021e6bb    0xb4  Code  Lc  MT_UTIL.o [1]
MT_UtilGetNvInfo        0x0021e76f    0xae  Code  Lc  MT_UTIL.o [1]
MT_UtilSetDevNwkInfo    0x0021e96b    0x32  Code  Gb  MT_UTIL.o [1]
MT_Word2Buf             0x00210aa9    0x1e  Code  Gb  MT.o [1]
MT_ZdoAddrRspCB         0x0021207f    0x64  Code  Gb  MT_ZDO.o [1]
MT_ZdoBeaconIndCB       0x00211ead    0xb0  Code  Gb  MT_ZDO.o [1]
MT_ZdoCommandProcessing
                        0x002112c5   0x846  Code  Gb  MT_ZDO.o [1]
MT_ZdoConcentratorIndCB
                        0x00212177    0x2a  Code  Lc  MT_ZDO.o [1]
MT_ZdoDirectCB          0x00211fd1    0xa8  Code  Gb  MT_ZDO.o [1]
MT_ZdoEndDevAnnceCB     0x002120e3    0x38  Code  Gb  MT_ZDO.o [1]
MT_ZdoEndDevBindRequest
                        0x00211d1f    0xba  Code  Lc  MT_ZDO.o [1]
MT_ZdoInit              0x0021128d    0x38  Code  Gb  MT_ZDO.o [1]
MT_ZdoJoinCnfCB         0x00211f89    0x3c  Code  Gb  MT_ZDO.o [1]
MT_ZdoLeaveInd          0x002121a1    0x22  Code  Lc  MT_ZDO.o [1]
MT_ZdoMatchDescRequest  0x00211c6f    0xb0  Code  Lc  MT_ZDO.o [1]
MT_ZdoMgmtNwkUpdateRequest
                        0x00211df3    0x80  Code  Lc  MT_ZDO.o [1]
MT_ZdoNWKAddressRequest
                        0x00211bd1    0x8c  Code  Lc  MT_ZDO.o [1]
MT_ZdoNwkDiscoveryCnfCB
                        0x00211e89    0x24  Code  Gb  MT_ZDO.o [1]
MT_ZdoPermitJoinInd     0x00212205    0x24  Code  Gb  MT_ZDO.o [1]
MT_ZdoSendMsgCB         0x0021223d    0x50  Code  Gb  MT_ZDO.o [1]
MT_ZdoSrcRtgCB          0x0021211b    0x56  Code  Gb  MT_ZDO.o [1]
MT_ZdoStateChangeCB     0x00211fc5     0xc  Code  Gb  MT_ZDO.o [1]
MT_ZdoTcDeviceInd       0x002121c3    0x1a  Code  Gb  MT_ZDO.o [1]
NIB_init                0x0021358d    0xc2  Code  Gb  nwk_globals.o [1]
NLDE_BuildMsg           0x0020c797   0x150  Code  Lc  nwk_util.o [3]
NLDE_BuildSrcRtgFrame   0x0020c8e7    0x42  Code  Gb  nwk_util.o [3]
NLDE_CheckForAddrConflict
                        0x0020d687    0x36  Code  Gb  nwk_util.o [3]
NLDE_CheckFrameSecurity
                        0x0020ca7f    0x2c  Code  Gb  nwk_util.o [3]
NLDE_DataCnf            0x00214039    0xfa  Code  Gb  NLMEDE_CB.o [3]
NLDE_DataIndSend        0x0020c63b    0x6c  Code  Gb  nwk_util.o [3]
NLDE_DataIndication     0x00214133   0x21c  Code  Gb  NLMEDE_CB.o [3]
NLDE_DataReq            0x0021447d    0x58  Code  Gb  NLMEDE.o [3]
NLDE_DataReqAlloc       0x002144d5    0x40  Code  Gb  NLMEDE.o [3]
NLDE_DataReqSend        0x0020c439   0x202  Code  Gb  nwk_util.o [3]
NLDE_FrameDataLoad      0x00217cc1    0x3a  Code  Gb  APSMEDE.o [3]
NLDE_GetHandle          0x0020cb79    0x1c  Code  Gb  nwk_util.o [3]
NLDE_ParseFrameControl  0x0020ca37    0x48  Code  Gb  nwk_util.o [3]
NLDE_ParseMsg           0x0020c929   0x10e  Code  Gb  nwk_util.o [3]
NLDE_ParseMsg2          0x0020caab    0x9a  Code  Gb  nwk_util.o [3]
NLDE_SendMsg            0x0020c6a7    0xf0  Code  Gb  nwk_util.o [3]
NLME_AddressConflictAssignNewStochastic
                        0x0020d569    0x2c  Code  Gb  nwk_util.o [3]
NLME_AssocPermission    0x20004331     0x1  Data  Gb  NLMEDE.o [3]
NLME_CheckNewAddrSet    0x0020d599    0xa0  Code  Gb  nwk_util.o [3]
NLME_CmdBcast           0x0020d347    0x16  Code  Gb  nwk_util.o [3]
NLME_CmdCnf             0x0020d2cb    0x72  Code  Gb  nwk_util.o [3]
NLME_CmdDataReqAlloc    0x0020d35d    0x22  Code  Gb  nwk_util.o [3]
NLME_ConcentratorIndication
                        0x002143fb     0x4  Code  Gb  NLMEDE_CB.o [3]
NLME_CoordStartPANIDConflictCB
                        0x00214445     0x4  Code  Gb  NLMEDE_CB.o [3]
NLME_CoordinatorInit    0x0021444d    0x18  Code  Gb  NLMEDE.o [3]
NLME_DeviceJoiningInit  0x00214465    0x18  Code  Gb  NLMEDE.o [3]
NLME_DirectJoinRequest  0x0021474d     0x6  Code  Gb  NLMEDE.o [3]
NLME_DirectJoinRequestWithAddr
                        0x00214753    0x6a  Code  Gb  NLMEDE.o [3]
NLME_EDScanConfirm      0x002143ff    0x1a  Code  Gb  NLMEDE_CB.o [3]
NLME_EDScanRequest      0x00214c99    0x1a  Code  Gb  NLMEDE.o [3]
NLME_GetCoordExtAddr    0x0020cb71     0x8  Code  Gb  nwk_util.o [3]
NLME_GetCoordShortAddr  0x0020cb69     0x8  Code  Gb  nwk_util.o [3]
NLME_GetEnergyThreshold
                        0x0020d385     0x8  Code  Gb  nwk_util.o [3]
NLME_GetExtAddr         0x0020cb4f    0x12  Code  Gb  nwk_util.o [3]
NLME_GetProtocolVersion
                        0x0020d37f     0x6  Code  Gb  nwk_util.o [3]
NLME_GetRequest         0x00214b73    0xd2  Code  Gb  NLMEDE.o [3]
NLME_GetShortAddr       0x0020cb61     0x8  Code  Gb  nwk_util.o [3]
NLME_InitNV             0x0020cd65    0x68  Code  Gb  nwk_util.o [3]
NLME_IsAddressBroadcast
                        0x0020d3b9    0x3e  Code  Gb  nwk_util.o [3]
NLME_JoinConfirm        0x0021435f     0x4  Code  Gb  NLMEDE_CB.o [3]
NLME_JoinIndication     0x00214363     0x4  Code  Gb  NLMEDE_CB.o [3]
NLME_JoinRequest        0x00214991    0xc8  Code  Gb  NLMEDE.o [3]
NLME_LeaveCmdProcess    0x0020d211    0xba  Code  Gb  nwk_util.o [3]
NLME_LeaveCmdSend       0x0020d185    0x8c  Code  Gb  nwk_util.o [3]
NLME_LeaveCnf           0x00214367     0x4  Code  Gb  NLMEDE_CB.o [3]
NLME_LeaveInd           0x0021436b    0x46  Code  Gb  NLMEDE_CB.o [3]
NLME_LeaveReq           0x00214a63    0x9c  Code  Gb  NLMEDE.o [3]
NLME_LeaveRsp           0x00214aff    0x44  Code  Gb  NLMEDE.o [3]
NLME_NetworkDiscoveryConfirm
                        0x0021434f     0x4  Code  Gb  NLMEDE_CB.o [3]
NLME_NetworkDiscoveryRequest
                        0x00214515    0x5a  Code  Gb  NLMEDE.o [3]
NLME_NetworkFormationConfirm
                        0x00214353     0x4  Code  Gb  NLMEDE_CB.o [3]
NLME_NetworkFormationRequest
                        0x002145eb    0xe6  Code  Gb  NLMEDE.o [3]
NLME_NetworkReportCB    0x0020d907    0x54  Code  Lc  nwk_util.o [3]
NLME_NetworkStatusCB    0x00214449     0x4  Code  Gb  NLMEDE_CB.o [3]
NLME_NwkDiscReq2        0x00214579    0x54  Code  Gb  NLMEDE.o [3]
NLME_NwkDiscTerm        0x002145cd    0x1e  Code  Gb  NLMEDE.o [3]
NLME_NwkStatusAddrConflictProcess
                        0x0020d43d    0x10  Code  Gb  nwk_util.o [3]
NLME_OrphanJoinRequest  0x002147c9    0x88  Code  Gb  NLMEDE.o [3]
NLME_OrphanStateSet     0x002147bd     0xc  Code  Gb  NLMEDE.o [3]
NLME_PermitJoining      0x200053b6     0x1  Data  Gb  NLMEDE.o [3]
NLME_PermitJoiningDuration
                        0x200053b7     0x1  Data  Lc  NLMEDE.o [3]
NLME_PermitJoiningEvent
                        0x002146f7    0x12  Code  Gb  NLMEDE.o [3]
NLME_PermitJoiningRequest
                        0x002146db    0x1c  Code  Gb  NLMEDE.o [3]
NLME_PermitJoiningSet   0x00214709    0x44  Code  Lc  NLMEDE.o [3]
NLME_PermitJoiningTimeout
                        0x0021a91d     0xe  Code  Gb  ZDObject.o [1]
NLME_PollConfirm        0x002143b5    0x26  Code  Gb  NLMEDE_CB.o [3]
NLME_ProcessAddressConflictLocal
                        0x0020d4d7    0x8e  Code  Gb  nwk_util.o [3]
NLME_ProcessEndDevTimeoutReq
                        0x0020da03    0x60  Code  Gb  nwk_util.o [3]
NLME_ProcessEndDevTimeoutRsp
                        0x0020dac1    0x20  Code  Gb  nwk_util.o [3]
NLME_ProcessLinkStatus  0x0020dffb   0x12c  Code  Gb  nwk_util.o [3]
NLME_ProcessNetworkReport
                        0x0020d88b    0x70  Code  Gb  nwk_util.o [3]
NLME_ProcessNetworkStatus
                        0x0020d709    0xee  Code  Gb  nwk_util.o [3]
NLME_ProcessNetworkUpdate
                        0x0020d969    0x4c  Code  Gb  nwk_util.o [3]
NLME_ReJoinReq          0x00214857   0x12e  Code  Lc  NLMEDE.o [3]
NLME_ReJoinRequest      0x00214851     0x4  Code  Gb  NLMEDE.o [3]
NLME_ReJoinRequestUnsecure
                        0x00214855     0x2  Code  Gb  NLMEDE.o [3]
NLME_ReadNwkKeyInfo     0x0020e707    0x20  Code  Gb  nwk_util.o [3]
NLME_RejoinReqCmdProcess
                        0x0020d021    0x56  Code  Gb  nwk_util.o [3]
NLME_RejoinRspCmdProcess
                        0x0020d0f9    0x82  Code  Gb  nwk_util.o [3]
NLME_RejoinRspSend      0x0020d07d    0x78  Code  Gb  nwk_util.o [3]
NLME_RemoveChild        0x0020d3f7    0x34  Code  Gb  nwk_util.o [3]
NLME_ReportAddressConflict
                        0x0020d65d    0x2a  Code  Gb  nwk_util.o [3]
NLME_ResetRequest       0x00214b43    0x30  Code  Gb  NLMEDE.o [3]
NLME_RestoreFromNV      0x0020ce01    0xd8  Code  Gb  nwk_util.o [3]
NLME_RouteDiscoveryIndication
                        0x002143db    0x20  Code  Gb  NLMEDE_CB.o [3]
NLME_RouteDiscoveryRequest
                        0x0020ecf7   0x118  Code  Gb  rtg.o [3]
NLME_ScanFields         0x20005394     0x4  Data  Gb  NLMEDE.o [3]
NLME_SendEndDevTimeoutReq
                        0x0020d9bd    0x38  Code  Gb  nwk_util.o [3]
NLME_SendEndDevTimeoutRsp
                        0x0020da69    0x36  Code  Gb  nwk_util.o [3]
NLME_SendLinkStatus     0x0020df8f    0x6c  Code  Gb  nwk_util.o [3]
NLME_SendNetworkReport  0x0020d7fd    0x86  Code  Gb  nwk_util.o [3]
NLME_SendNetworkStatus  0x0020d6bd    0x4c  Code  Gb  nwk_util.o [3]
NLME_SetAssocFlags      0x0020cf23    0xbe  Code  Gb  nwk_util.o [3]
NLME_SetBroadcastFilter
                        0x0020d39d    0x18  Code  Gb  nwk_util.o [3]
NLME_SetDefaultNV       0x0020cdcd    0x34  Code  Gb  nwk_util.o [3]
NLME_SetEnergyThreshold
                        0x0020d38d     0x8  Code  Gb  nwk_util.o [3]
NLME_SetLinkStatusTimer
                        0x0020dd45    0x36  Code  Gb  nwk_util.o [3]
NLME_SetPollRate        0x0020cd29    0x2c  Code  Gb  nwk_util.o [3]
NLME_SetQueuedPollRate  0x0020cd55     0x8  Code  Gb  nwk_util.o [3]
NLME_SetResponseRate    0x0020cd5d     0x8  Code  Gb  nwk_util.o [3]
NLME_SetUpdateID        0x0020cfe1    0x38  Code  Gb  nwk_util.o [3]
NLME_StartRouterConfirm
                        0x00214357     0x4  Code  Gb  NLMEDE_CB.o [3]
NLME_StartRouterRequest
                        0x00214a59     0xa  Code  Gb  NLMEDE.o [3]
NLME_SyncIndication     0x002143b1     0x4  Code  Gb  NLMEDE_CB.o [3]
NLME_UpdateLinkStatus   0x0020dd1b    0x24  Code  Gb  nwk_util.o [3]
NLME_UpdateNV           0x0020ced9    0x3c  Code  Gb  nwk_util.o [3]
NLME_beaconNotifyInd    0x0021435b     0x4  Code  Gb  NLMEDE_CB.o [3]
NWK_TaskID              0x20005328     0x1  Data  Gb  nwk.o [3]
NmiSR                   0x0021ef2d     0x4  Code  Lc  startup_ewarm.o [1]
NwkCommandPktProcessing
                        0x00205ed1    0xf0  Code  Lc  nwk.o [3]
NwkDescList             0x20004c7c     0x4  Data  Gb  nwk.o [3]
NwkFreqAgilityIncErrorCnt
                        0x0020e681    0x60  Code  Lc  nwk_util.o [3]
NwkFreqAgilityIncTotalTx
                        0x0020e65d    0x1c  Code  Lc  nwk_util.o [3]
NwkFreqAgilityInit      0x0020e61b    0x18  Code  Gb  nwk_util.o [3]
NwkFreqAgilityScanCfg   0x0020e635    0x22  Code  Lc  nwk_util.o [3]
NwkInitChildAging       0x0020e727    0x3a  Code  Gb  nwk_util.o [3]
NwkNotMyChildListAdd    0x0020e8f9    0x6c  Code  Gb  nwk_util.o [3]
NwkNotMyChildListAging  0x0020e875    0x6e  Code  Gb  nwk_util.o [3]
NwkNotMyChildListDelete
                        0x0020e965    0x48  Code  Gb  nwk_util.o [3]
NwkNotMyChildListInit   0x0020e84d    0x22  Code  Gb  nwk_util.o [3]
NwkNotMyChildSendLeave  0x0020e76d    0xdc  Code  Gb  nwk_util.o [3]
NwkPollReq              0x00205d37    0x30  Code  Gb  nwk.o [3]
OSAL_timeSeconds        0x200052ec     0x4  Data  Gb  OSAL_Clock.o [1]
OnBoard_CheckVoltage    0x00203e8d    0x28  Code  Gb  OnBoard.o [1]
OnBoard_KeyCallback     0x00203e85     0x8  Code  Gb  OnBoard.o [1]
OnBoard_SendKeys        0x00203e53    0x2e  Code  Gb  OnBoard.o [1]
OnboardKeyIntEnable     0x200053c1     0x1  Data  Gb  OnBoard.o [1]
Onboard_rand            0x00203ec9     0x4  Code  Gb  OnBoard.o [1]
RTG_AddRtgEntry         0x0020f5e9   0x134  Code  Lc  rtg.o [3]
RTG_AddSrcRtgEntry      0x0020f71d    0x84  Code  Lc  rtg.o [3]
RTG_AddSrcRtgEntry_Guaranteed
                        0x0020f7ad    0x94  Code  Gb  rtg.o [3]
RTG_AllocNewAddress     0x0020f56d    0x2a  Code  Gb  rtg.o [3]
RTG_BcastAdd            0x0020fde9   0x166  Code  Gb  rtg.o [3]
[...]
pAPS_DataConfirmReflect
                        0x20005250     0x4  Data  Gb  APS.o [3]
pAPS_DataIndReflect     0x20005254     0x4  Data  Gb  APS.o [3]
pAPS_GetBind            0x2000524c     0x4  Data  Gb  APS.o [3]
pAPS_UnBind             0x20005248     0x4  Data  Gb  APS.o [3]
pAssocChildAging        0x2000513c     0x4  Data  Gb  nwk_util.o [3]
pAssocChildTableUpdateTimeout
                        0x20005140     0x4  Data  Gb  nwk_util.o [3]
pBDBListNwk             0x20004028     0x4  Data  Lc  bdb.o [1]
pBeaconIndBuf           0x2000534c     0x4  Data  Gb  MT_ZDO.o [1]
pBindInitNV             0x2000512c     0x4  Data  Gb  BindingTable.o [1]
pBindRestoreFromNV      0x20005134     0x4  Data  Gb  BindingTable.o [1]
pBindSetDefaultNV       0x20005130     0x4  Data  Gb  BindingTable.o [1]
pBindWriteNV            0x20005138     0x4  Data  Gb  BindingTable.o [1]
pFuncRxState            0x20005168     0x4  Data  Lc  mac_rx.o [1]
pMacDataTx              0x20004240     0x4  Data  Gb  mac_beacon.o [5]
pMsg                    0x20005270     0x4  Data  Gb  MT_UART.o [1]
pMtAfDataReq            0x200052dc     0x4  Data  Gb  MT_AF.o [1]
pMtAfInMsgList          0x200052d8     0x4  Data  Gb  MT_AF.o [1]
pNLME_NetworkFormationConfirm
                        0x200052c4     0x4  Data  Gb  NLMEDE.o [3]
pNwkFreqAgilityIncErrorCnt
                        0x20005244     0x4  Data  Gb  nwk_util.o [3]
pNwkFreqAgilityIncTotalTx
                        0x20005240     0x4  Data  Gb  nwk_util.o [3]
pNwkFreqAgilityScanCfg  0x2000523c     0x4  Data  Gb  nwk_util.o [3]
pNwkNotMyChildListAdd   0x2000514c     0x4  Data  Gb  nwk_util.o [3]
pNwkNotMyChildListAging
                        0x20005148     0x4  Data  Gb  nwk_util.o [3]
pNwkNotMyChildListDelete
                        0x20005150     0x4  Data  Gb  nwk_util.o [3]
pNwkNotMyChildListInit  0x20005144     0x4  Data  Gb  nwk_util.o [3]
pNwkNotMyChildSendLeave
                        0x20005154     0x4  Data  Gb  nwk_util.o [3]
pRandomSeedCB           0x200052d4     0x4  Data  Lc  mac_mcu.o [1]
pRxBuf                  0x2000516c     0x4  Data  Lc  mac_rx.o [1]
pSspAesEncrypt          0x20005340     0x4  Data  Gb  hal_aes.o [1]
pZDNwkMgr_EDScanConfirmCB
                        0x200050a0     0x4  Data  Gb  ZDNwkMgr.o [1]
pZDNwkMgr_NetworkReportCB
                        0x20005360     0x4  Data  Gb  ZDNwkMgr.o [1]
pZDNwkMgr_NetworkUpdateCB
                        0x20005364     0x4  Data  Gb  ZDNwkMgr.o [1]
pZDNwkMgr_ProcessDataConfirm
                        0x2000509c     0x4  Data  Gb  ZDNwkMgr.o [1]
pZDNwkMgr_ReportChannelInterference
                        0x20005098     0x4  Data  Gb  ZDNwkMgr.o [1]
pZMac_AppCallback       0x20005374     0x4  Data  Gb  zmac_cb.o [1]
packDev_t               0x0021e8ef    0x7c  Code  Lc  MT_UTIL.o [1]
pbindAddEntry           0x20005120     0x4  Data  Gb  BindingTable.o [1]
pbindNumOfEntries       0x20005124     0x4  Data  Gb  BindingTable.o [1]
pbindRemoveDev          0x20005128     0x4  Data  Gb  BindingTable.o [1]
pfnCBKETCLinkKeyExchange
                        0x20004038     0x4  Data  Lc  bdb.o [1]
pfnCommissioningStatusCB
                        0x20004034     0x4  Data  Lc  bdb.o [1]
pfnFilterNwkDesc        0x2000403c     0x4  Data  Lc  bdb.o [1]
pfnPreProcessDataReq    0x2000537c     0x4  Data  Lc  APSMEDE.o [3]
pfnTCLinkKeyExchangeProcessCB
                        0x20004030     0x4  Data  Lc  bdb.o [1]
pgLost                  0x200040a8     0xc  Data  Lc  osal_nv.o [1]
pgOff                   0x2000409c     0xc  Data  Lc  osal_nv.o [1]
pgRes                   0x20004098     0x1  Data  Lc  osal_nv.o [1]
pnwk_ScanPANChanSelect  0x200052bc     0x4  Data  Gb  NLMEDE.o [3]
pnwk_ScanPANChanVerify  0x200052c0     0x4  Data  Gb  NLMEDE.o [3]
prevAccumulatedOverflowCount
                        0x200051fc     0x4  Data  Lc  mac_mcu.o [1]
prevDevState            0x200040ca     0x1  Data  Gb  ZDApp.o [1]
prevoverflowCount       0x20005200     0x4  Data  Lc  mac_mcu.o [1]
procRx                  0x0020c363    0x3e  Code  Lc  hal_uart.o [1]
procTx                  0x0020c3a1    0x30  Code  Lc  hal_uart.o [1]
pulStack                0x20006bdc   0x800  Data  Lc  startup_ewarm.o [1]
pwrmgr_attribute        0x200052f0     0x8  Data  Gb  OSAL_PwrMgr.o [1]
radioComputeED          0x0020341f    0x22  Code  Lc  mac_radio.o [1]
readHdr                 0x00212ed3    0x1a  Code  Lc  osal_nv.o [1]
recRst                  0x0020c349    0x1a  Code  Lc  hal_uart.o [1]
reflectID               0x200042e5     0x1  Data  Lc  reflecttrack.o [3]
reflectMAXEntries       0x200042e4     0x1  Data  Lc  reflecttrack.o [3]
reflectMAXIndirects     0x20004333     0x1  Data  Lc  reflecttrack.o [3]
reflectMAXSimultaneous  0x20004332     0x1  Data  Lc  reflecttrack.o [3]
reflectTrack_AddNewEntry
                        0x002195d7    0x28  Code  Gb  reflecttrack.o [3]
reflectTrack_AddToEnd   0x00219651    0x1e  Code  Gb  reflecttrack.o [3]
reflectTrack_FindHandle
                        0x0021966f    0x2a  Code  Gb  reflecttrack.o [3]
reflectTrack_GetNewEntry
                        0x002195af    0x28  Code  Gb  reflecttrack.o [3]
reflectTrack_NumEntries
                        0x002195ff    0x14  Code  Gb  reflecttrack.o [3]
reflectTrack_RemoveEntry
                        0x00219613    0x3e  Code  Gb  reflecttrack.o [3]
reflectTrack_RemoveEntryNotify
                        0x00208507     0x4  Code  Gb  APS.o [3]
reflectTrack_UpdateHandle
                        0x002196c3    0x28  Code  Gb  reflecttrack.o [3]
reflectTrack_UpdateOption
                        0x00219699    0x2a  Code  Gb  reflecttrack.o [3]
reflectTrackingHdr      0x200042e8     0x4  Data  Lc  reflecttrack.o [3]
reflectTracking_GetMaxIndirectAdjusted
                        0x00219585    0x2a  Code  Gb  reflecttrack.o [3]
reflectTracking_GetMaxSimultaneousAdjusted
                        0x00219551    0x2a  Code  Gb  reflecttrack.o [3]
registeredKeysTaskID    0x20004304     0x1  Data  Lc  OnBoard.o [1]
reqChannel              0x20005346     0x1  Data  Lc  mac_radio.o [1]
reqTxPower              0x20005347     0x1  Data  Lc  mac_radio.o [1]
requestLinkKeyTimeout   0x20004174     0x4  Data  Gb  ZDSecMgr.o [1]
requestNewTrustCenterLinkKey
                        0x2000430b     0x1  Data  Gb  ZDSecMgr.o [1]
retryCnt                0x200040cc     0x1  Data  Gb  ZDApp.o [1]
rreqCounter             0x200053d7     0x1  Data  Gb  rtg.o [3]
rtDiscTable             0x20004e58    0x50  Data  Gb  nwk_globals.o [1]
rtgFindRandomNeighbor   0x002103d7    0xf0  Code  Lc  rtg.o [3]
rtgIsInAddrList         0x002103b9    0x1e  Code  Lc  rtg.o [3]
rtgIsValidNeighbor      0x002104cd    0x38  Code  Lc  rtg.o [3]
rtgRReqFindMatchCB      0x0020f529    0x44  Code  Lc  rtg.o [3]
rtgSrcRelayList         0x20005188    0x18  Data  Gb  nwk_globals.o [1]
rtgSrcTable             0x20004cec    0x60  Data  Gb  nwk_globals.o [1]
rtgTable                0x200049c8   0x140  Data  Gb  nwk_globals.o [1]
runtimeChannel          0x200040f4     0x4  Data  Gb  ZDApp.o [1]
rxAddrIsr               0x00204fa5    0x96  Code  Lc  mac_rx.o [1]
rxBuf                   0x20005158     0x4  Data  Lc  mac_rx.o [1]
rxDiscardFrame          0x002051ad    0x32  Code  Lc  mac_rx.o [1]
rxDiscardIsr            0x002051e1    0x32  Code  Lc  mac_rx.o [1]
rxDone                  0x00205159    0x28  Code  Lc  mac_rx.o [1]
rxFcsIsr                0x0020508d    0xcc  Code  Lc  mac_rx.o [1]
rxFifoOverflowCount     0x20005166     0x1  Data  Lc  mac_rx.o [1]
rxFilter                0x20005162     0x1  Data  Lc  mac_rx.o [1]
rxHaltCleanupFinalStep  0x00204c33    0x5e  Code  Lc  mac_rx.o [1]
rxId                    0x200052a0     0x4  Data  Gb  znp_spi.o [1]
rxIsrActiveFlag         0x20005164     0x1  Data  Lc  mac_rx.o [1]
rxNextLen               0x20005160     0x1  Data  Lc  mac_rx.o [1]
rxPayloadIsr            0x00205069    0x24  Code  Lc  mac_rx.o [1]
rxPayloadLen            0x20005161     0x1  Data  Lc  mac_rx.o [1]
rxPostRxUpdates         0x0020519b    0x12  Code  Lc  mac_rx.o [1]
rxPrepPayload           0x00205043    0x24  Code  Lc  mac_rx.o [1]
rxPromiscuousMode       0x20005163     0x1  Data  Lc  mac_rx.o [1]
rxResetFlag             0x20005165     0x1  Data  Lc  mac_rx.o [1]
rxStartIsr              0x00204cc1   0x2e2  Code  Lc  mac_rx.o [1]
rxUnreadLen             0x2000515f     0x1  Data  Lc  mac_rx.o [1]
sAddrCmp                0x00202d59    0x26  Code  Gb  saddr.o [1]
sAddrCpy                0x00202d7f    0x14  Code  Gb  saddr.o [1]
sAddrExtCmp             0x00202d93    0x1c  Code  Gb  saddr.o [1]
sAddrExtCpy             0x00202daf     0x6  Code  Gb  saddr.o [1]
s_bcMask                0x200053d5     0x1  Data  Lc  nwk_util.o [3]
sapi_TaskID             0x200051b8     0x1  Data  Gb  sapi.o [1]
sapi_bindInProgress     0x200051cc     0x2  Data  Lc  sapi.o [1]
sapi_epDesc             0x200051bc    0x10  Data  Gb  sapi.o [1]
saveExtAddr             0x20005318     0x8  Data  Gb  nwk_util.o [3]
savedQueuedPollRate     0x2000539a     0x2  Data  Gb  NLMEDE.o [3]
savedResponseRate       0x20005398     0x2  Data  Gb  NLMEDE.o [3]
sbl_header_after_crc    0x00200120    0x14  Data  Gb  startup_ewarm.o [1]
setItem                 0x00212e41    0x64  Code  Lc  osal_nv.o [1]
sspAesEncrypt           0x0021d037    0x16  Code  Gb  ssp_hash.o [3]
sspAesEncryptHW         0x0020c081    0x1c  Code  Gb  hal_aes.o [1]
sspMMOHash              0x0021cefd    0xf4  Code  Gb  ssp_hash.o [3]
ssp_HW_KeyInit          0x0020c079     0x6  Code  Gb  hal_aes.o [1]
state                   0x20005269     0x1  Data  Gb  MT_UART.o [1]
storedRand              0x200053da     0x1  Data  Lc  ssp.o [3]
tasksArr                0x00204134    0x30  Data  Gb  OSAL_ZNP.o [1]
tasksCnt                0x00203442     0x1  Data  Gb  OSAL_ZNP.o [1]
tasksEvents             0x20005358     0x4  Data  Gb  OSAL_ZNP.o [1]
tempDataLen             0x2000526c     0x1  Data  Gb  MT_UART.o [1]
tempIEEEAddrSecHolder   0x200052a8     0x8  Data  Lc  APSMEDE.o [3]
tempShortAddrSecHolder  0x200052a4     0x2  Data  Lc  APSMEDE.o [3]
theHeap                 0x200053dc  0x1800  Data  Lc  OSAL_Memory.o [1]
timeMSec                0x200052e8     0x4  Data  Lc  OSAL_Clock.o [1]
timeoutValue            0x0021edb8    0x3c  Data  Gb  nwk_globals.o [1]
timerAlignedQ           0x200042c8     0x4  Data  Gb  mac_beacon.o [5]
timerHead               0x200052f8     0x4  Data  Gb  OSAL_Timers.o [1]
timerUnalignedQ         0x200042c4     0x4  Data  Gb  mac_beacon.o [5]
txAckIsrTimeout         0x00203a39    0x36  Code  Lc  mac_tx.o [1]
txAckReq                0x20005176     0x1  Data  Lc  mac_tx.o [1]
txComplete              0x00203a6f    0x30  Code  Lc  mac_tx.o [1]
txCsmaGo                0x002038b9    0x22  Code  Lc  mac_tx.o [1]
txCsmaPrep              0x00203873    0x2a  Code  Lc  mac_tx.o [1]
txGo                    0x0020389d    0x1c  Code  Lc  mac_tx.o [1]
txMT                    0x200053bb     0x1  Data  Lc  hal_uart.o [1]
txRetransmitFlag        0x20005177     0x1  Data  Lc  mac_tx.o [1]
txSeqn                  0x20005175     0x1  Data  Lc  mac_tx.o [1]
uartRecord              0x200050a4    0x2c  Data  Lc  hal_uart.o [1]
updateRolloverflag      0x200051f8     0x1  Data  Lc  mac_mcu.o [1]
vDoPrimaryScan          0x20004026     0x1  Data  Gb  bdb.o [1]
writeBuf                0x00212eed    0xba  Code  Lc  osal_nv.o [1]
writeItem               0x00213097   0x138  Code  Lc  osal_nv.o [1]
xferBuf                 0x00212fa7    0xd2  Code  Lc  osal_nv.o [1]
zb_AllowBind            0x0020bd05    0x4c  Code  Gb  sapi.o [1]
zb_BindDevice           0x0020bbeb    0xf6  Code  Gb  sapi.o [1]
zb_FindDeviceRequest    0x0020be33    0x1a  Code  Gb  sapi.o [1]
zb_GetDeviceInfo        0x0020bde9    0x4a  Code  Gb  sapi.o [1]
zb_MTCallbackAllowBindConfirm
                        0x0021d3d3    0x14  Code  Gb  MT_SAPI.o [1]
zb_MTCallbackBindConfirm
                        0x0021d3bb    0x18  Code  Gb  MT_SAPI.o [1]
zb_MTCallbackFindDeviceConfirm
                        0x0021d3e7    0x30  Code  Gb  MT_SAPI.o [1]
zb_MTCallbackReceiveDataIndication
                        0x0021d417    0x5c  Code  Gb  MT_SAPI.o [1]
zb_MTCallbackSendDataConfirm
                        0x0021d3a3    0x10  Code  Gb  MT_SAPI.o [1]
zb_MTCallbackStartConfirm
                        0x0021d399     0xa  Code  Gb  MT_SAPI.o [1]
zb_PermitJoiningRequest
                        0x0020bced    0x18  Code  Gb  sapi.o [1]
zb_ReadConfiguration    0x0020bdbb    0x24  Code  Gb  sapi.o [1]
zb_SendDataRequest      0x0020bd51    0x6a  Code  Gb  sapi.o [1]
zb_StartRequest         0x0020bbb1    0x3a  Code  Gb  sapi.o [1]
zb_SystemReset          0x0020bbad     0x4  Code  Gb  sapi.o [1]
zb_WriteConfiguration   0x0020bddf     0xa  Code  Gb  sapi.o [1]
zdappHoldKeys           0x200040cd     0x1  Data  Lc  ZDApp.o [1]
zdappMgmtNwkDiscReqInProgress
                        0x200040c4     0x1  Data  Gb  ZDApp.o [1]
zdappMgmtNwkDiscRspAddr
                        0x2000528c     0xc  Data  Gb  ZDApp.o [1]
zdappMgmtNwkDiscRspTransSeq
                        0x200053c3     0x1  Data  Gb  ZDApp.o [1]
zdappMgmtNwkDiscStartIndex
                        0x200053c4     0x1  Data  Gb  ZDApp.o [1]
zdoCBFunc               0x200040d0    0x24  Data  Gb  ZDApp.o [1]
zdoMsgCBs               0x2000536c     0x4  Data  Gb  ZDProfile.o [1]
zdoSendStateChangeMsg   0x00219d9d    0x3e  Code  Lc  ZDObject.o [1]
zdpExternalStateTaskID  0x200042ec     0x2  Data  Gb  ZDObject.o [1]
zdpMsgProcs             0x0021705c    0xb8  Data  Gb  ZDProfile.o [1]
zdpProcessAddrReq       0x002164d1   0x1e4  Code  Gb  ZDProfile.o [1]
zgAllowInstallCodes     0x20004313     0x1  Data  Gb  ZGlobals.o [1]
zgAllowRejoins          0x200053c8     0x1  Data  Gb  ZGlobals.o [1]
zgAllowRejoinsOptions   0x200053c9     0x1  Data  Gb  ZGlobals.o [1]
zgAllowRemoteTCPolicyChange
                        0x20004314     0x1  Data  Gb  ZGlobals.o [1]
zgApsAckWaitMultiplier  0x20004325     0x1  Data  Gb  ZGlobals.o [1]
zgApsAllowR19Sec        0x200053d0     0x1  Data  Gb  ZGlobals.o [1]
zgApsDefaultMaxBindingTime
                        0x200042f6     0x2  Data  Gb  ZGlobals.o [1]
zgApsLinkKeyType        0x20004329     0x1  Data  Gb  ZGlobals.o [1]
zgApsMinDupRejTableSize
                        0x200042fc     0x2  Data  Gb  ZGlobals.o [1]
zgApsNonMemberRadius    0x20004327     0x1  Data  Gb  ZGlobals.o [1]
zgApsTrustCenterAddr    0x20005300     0x8  Data  Gb  ZGlobals.o [1]
zgApsUseExtendedPANID   0x20005308     0x8  Data  Gb  ZGlobals.o [1]
zgApsUseInsecureJoin    0x20004326     0x1  Data  Gb  ZGlobals.o [1]
zgApscAckWaitDurationPolled
                        0x200042f4     0x2  Data  Gb  ZGlobals.o [1]
zgApscDupRejTimeoutCount
                        0x20004328     0x1  Data  Gb  ZGlobals.o [1]
zgApscDupRejTimeoutInc  0x200042fa     0x2  Data  Gb  ZGlobals.o [1]
zgApscMaxFrameRetries   0x20004324     0x1  Data  Gb  ZGlobals.o [1]
zgBcastDeliveryTime     0x20004319     0x1  Data  Gb  ZGlobals.o [1]
zgChildAgingEnable      0x20004323     0x1  Data  Gb  ZGlobals.o [1]
zgConcentratorDiscoveryTime
                        0x200053cb     0x1  Data  Gb  ZGlobals.o [1]
zgConcentratorEnable    0x200053ca     0x1  Data  Gb  ZGlobals.o [1]
zgConcentratorRC        0x200053cc     0x1  Data  Gb  ZGlobals.o [1]
zgConcentratorRadius    0x2000431b     0x1  Data  Gb  ZGlobals.o [1]
zgConfigPANID           0x200042fe     0x2  Data  Gb  ZGlobals.o [1]
zgDefaultChannelList    0x20005370     0x4  Data  Gb  ZGlobals.o [1]
zgDefaultRejoinBackoff  0x20004188     0x4  Data  Gb  ZGlobals.o [1]
zgDefaultRejoinScan     0x2000418c     0x4  Data  Gb  ZGlobals.o [1]
zgDeviceLogicalType     0x20004178     0x1  Data  Gb  ZGlobals.o [1]
zgEndDeviceConfiguration
                        0x200053ce     0x1  Data  Gb  ZGlobals.o [1]
zgEndDeviceTimeoutValue
                        0x20004322     0x1  Data  Gb  ZGlobals.o [1]
zgExtendedPANID         0x20004180     0x8  Data  Gb  ZGlobals.o [1]
zgIndirectMsgTimeout    0x20004310     0x1  Data  Gb  ZGlobals.o [1]
zgInit                  0x0021c83d   0x114  Code  Gb  ZGlobals.o [1]
zgInitItems             0x0021c95d    0x52  Code  Gb  ZGlobals.o [1]
zgItemTable             0x0021ca50   0x1b8  Data  Lc  ZGlobals.o [1]
zgMaxBcastRetires       0x20004317     0x1  Data  Gb  ZGlobals.o [1]
zgMaxDataRetries        0x2000430d     0x1  Data  Gb  ZGlobals.o [1]
zgMaxPollFailureRetries
                        0x2000430e     0x1  Data  Gb  ZGlobals.o [1]
zgNwkCommissionedNwkAddr
                        0x200042f8     0x2  Data  Gb  ZGlobals.o [1]
zgNwkEndDeviceLeaveTimeoutDefault
                        0x20004321     0x1  Data  Gb  ZGlobals.o [1]
zgNwkEndDeviceTimeoutDefault
                        0x20004320     0x1  Data  Gb  ZGlobals.o [1]
zgNwkLeaveRequestAllowed
                        0x2000431d     0x1  Data  Gb  ZGlobals.o [1]
zgNwkMgrMinTransmissions
                        0x2000432d     0x1  Data  Gb  ZGlobals.o [1]
zgNwkMgrMode            0x2000432e     0x1  Data  Gb  ZGlobals.o [1]
zgNwkMode               0x2000431a     0x1  Data  Gb  ZGlobals.o [1]
zgNwkParentInformation  0x2000431f     0x1  Data  Gb  ZGlobals.o [1]
zgNwkProcessLocalLeaveCnf
                        0x2000431e     0x1  Data  Gb  ZGlobals.o [1]
zgNwkSrcRtgExpiryTime   0x2000431c     0x1  Data  Gb  ZGlobals.o [1]
zgPassiveAckTimeout     0x20004318     0x1  Data  Gb  ZGlobals.o [1]
zgPollRate              0x2000417c     0x4  Data  Gb  ZGlobals.o [1]
zgPreConfigKeys         0x200053cf     0x1  Data  Gb  ZGlobals.o [1]
zgQueuedPollRate        0x200042ee     0x2  Data  Gb  ZGlobals.o [1]
zgReadStartupOptions    0x0021c9c1    0x1e  Code  Gb  ZGlobals.o [1]
zgRejoinPollRate        0x200042f2     0x2  Data  Gb  ZGlobals.o [1]
zgResponsePollRate      0x200042f0     0x2  Data  Gb  ZGlobals.o [1]
zgRouteDiscoveryTime    0x20004315     0x1  Data  Gb  ZGlobals.o [1]
zgRouteExpiryTime       0x20004316     0x1  Data  Gb  ZGlobals.o [1]
zgRouterOffAssocCleanup
                        0x200053cd     0x1  Data  Gb  ZGlobals.o [1]
zgSapiEndpoint          0x2000432f     0x1  Data  Gb  ZGlobals.o [1]
zgSecurePermitJoin      0x20004312     0x1  Data  Gb  ZGlobals.o [1]
zgSecurityMode          0x20004311     0x1  Data  Gb  ZGlobals.o [1]
zgSetItem               0x0021ca21    0x30  Code  Gb  ZGlobals.o [1]
zgStackProfile          0x2000430f     0x1  Data  Gb  ZGlobals.o [1]
zgStartDelay            0x2000432b     0x1  Data  Gb  ZGlobals.o [1]
zgSwitchCoordKey        0x200053d1     0x1  Data  Gb  ZGlobals.o [1]
zgSwitchCoordKeyIndex   0x200053d2     0x1  Data  Gb  ZGlobals.o [1]
zgUseDefaultTCLK        0x2000432a     0x1  Data  Gb  ZGlobals.o [1]
zgWriteStartupOptions   0x0021c9df    0x36  Code  Gb  ZGlobals.o [1]
zgZdoDirectCB           0x2000432c     0x1  Data  Gb  ZGlobals.o [1]
zmacCBSizeTable         0x00203234    0x14  Data  Gb  zmac_cb.o [1]
zmain_ext_addr          0x0021ea35    0xd0  Code  Lc  ZMain.o [1]
znpCfg0                 0x200053d4     0x1  Data  Gb  znp_app.o [1]
znpCfg1                 0x20005218     0x1  Data  Gb  znp_app.o [1]
znpEventLoop            0x002056cb   0x1da  Code  Gb  znp_app.o [1]
znpInit                 0x002056c1     0xa  Code  Gb  znp_app.o [1]


[1] = C:\Texas Instruments\Z-Stack 3.0.2\Projects\zstack\ZNP\CC2538-dev\CC2538ZNP-with-SBL\Obj
[2] = command line
[3] = AllDevice.a
[4] = Ecc.a
[5] = TIMAC-CC2538.a
[6] = bsp_no_lcd_buf.lib
[7] = dl7M_tln.a
[8] = rt7M_tl.a
[9] = sdriverlib.lib
[10] = shb_l.a

  126 293 bytes of readonly  code memory
      992 bytes of readonly  data memory
   13 279 bytes of readwrite data memory (+ 12 288 absolute)

Errors: none
Warnings: none
